processor	: 0
vendor_id	: AuthenticAMD
cpu family	: 23
model		: 104
model name	: AMD Ryzen 5 5500U with Radeon Graphics
stepping	: 1
microcode	: 0x8608102
cpu MHz		: 1796.540
cache size	: 512 KB
physical id	: 0
siblings	: 12
core id		: 0
cpu cores	: 6
apicid		: 0
initial apicid	: 0
fpu		: yes
fpu_exception	: yes
cpuid level	: 16
wp		: yes
flags		: fpu vme de pse tsc msr pae mce cx8 apic sep mtrr pge mca cmov pat pse36 clflush mmx fxsr sse sse2 ht syscall nx mmxext fxsr_opt pdpe1gb rdtscp lm constant_tsc rep_good nopl nonstop_tsc cpuid extd_apicid aperfmperf pni pclmulqdq monitor ssse3 fma cx16 sse4_1 sse4_2 movbe popcnt aes xsave avx f16c rdrand lahf_lm cmp_legacy svm extapic cr8_legacy abm sse4a misalignsse 3dnowprefetch osvw ibs skinit wdt tce topoext perfctr_core perfctr_nb bpext perfctr_llc mwaitx cpb cat_l3 cdp_l3 hw_pstate ssbd mba ibrs ibpb stibp vmmcall fsgsbase bmi1 avx2 smep bmi2 cqm rdt_a rdseed adx smap clflushopt clwb sha_ni xsaveopt xsavec xgetbv1 xsaves cqm_llc cqm_occup_llc cqm_mbm_total cqm_mbm_local clzero irperf xsaveerptr rdpru wbnoinvd arat npt lbrv svm_lock nrip_save tsc_scale vmcb_clean flushbyasid decodeassists pausefilter pfthreshold avic v_vmsave_vmload vgif umip rdpid overflow_recov succor smca
bugs		: sysret_ss_attrs spectre_v1 spectre_v2 spec_store_bypass
bogomips	: 4193.89
TLB size	: 3072 4K pages
clflush size	: 64
cache_alignment	: 64
address sizes	: 48 bits physical, 48 bits virtual
power management: ts ttp tm hwpstate cpb eff_freq_ro [13] [14]

processor	: 1
vendor_id	: AuthenticAMD
cpu family	: 23
model		: 104
model name	: AMD Ryzen 5 5500U with Radeon Graphics
stepping	: 1
microcode	: 0x8608102
cpu MHz		: 1796.714
cache size	: 512 KB
physical id	: 0
siblings	: 12
core id		: 0
cpu cores	: 6
apicid		: 1
initial apicid	: 1
fpu		: yes
fpu_exception	: yes
cpuid level	: 16
wp		: yes
flags		: fpu vme de pse tsc msr pae mce cx8 apic sep mtrr pge mca cmov pat pse36 clflush mmx fxsr sse sse2 ht syscall nx mmxext fxsr_opt pdpe1gb rdtscp lm constant_tsc rep_good nopl nonstop_tsc cpuid extd_apicid aperfmperf pni pclmulqdq monitor ssse3 fma cx16 sse4_1 sse4_2 movbe popcnt aes xsave avx f16c rdrand lahf_lm cmp_legacy svm extapic cr8_legacy abm sse4a misalignsse 3dnowprefetch osvw ibs skinit wdt tce topoext perfctr_core perfctr_nb bpext perfctr_llc mwaitx cpb cat_l3 cdp_l3 hw_pstate ssbd mba ibrs ibpb stibp vmmcall fsgsbase bmi1 avx2 smep bmi2 cqm rdt_a rdseed adx smap clflushopt clwb sha_ni xsaveopt xsavec xgetbv1 xsaves cqm_llc cqm_occup_llc cqm_mbm_total cqm_mbm_local clzero irperf xsaveerptr rdpru wbnoinvd arat npt lbrv svm_lock nrip_save tsc_scale vmcb_clean flushbyasid decodeassists pausefilter pfthreshold avic v_vmsave_vmload vgif umip rdpid overflow_recov succor smca
bugs		: sysret_ss_attrs spectre_v1 spectre_v2 spec_store_bypass
bogomips	: 4193.89
TLB size	: 3072 4K pages
clflush size	: 64
cache_alignment	: 64
address sizes	: 48 bits physical, 48 bits virtual
power management: ts ttp tm hwpstate cpb eff_freq_ro [13] [14]

processor	: 2
vendor_id	: AuthenticAMD
cpu family	: 23
model		: 104
model name	: AMD Ryzen 5 5500U with Radeon Graphics
stepping	: 1
microcode	: 0x8608102
cpu MHz		: 2892.557
cache size	: 512 KB
physical id	: 0
siblings	: 12
core id		: 1
cpu cores	: 6
apicid		: 2
initial apicid	: 2
fpu		: yes
fpu_exception	: yes
cpuid level	: 16
wp		: yes
flags		: fpu vme de pse tsc msr pae mce cx8 apic sep mtrr pge mca cmov pat pse36 clflush mmx fxsr sse sse2 ht syscall nx mmxext fxsr_opt pdpe1gb rdtscp lm constant_tsc rep_good nopl nonstop_tsc cpuid extd_apicid aperfmperf pni pclmulqdq monitor ssse3 fma cx16 sse4_1 sse4_2 movbe popcnt aes xsave avx f16c rdrand lahf_lm cmp_legacy svm extapic cr8_legacy abm sse4a misalignsse 3dnowprefetch osvw ibs skinit wdt tce topoext perfctr_core perfctr_nb bpext perfctr_llc mwaitx cpb cat_l3 cdp_l3 hw_pstate ssbd mba ibrs ibpb stibp vmmcall fsgsbase bmi1 avx2 smep bmi2 cqm rdt_a rdseed adx smap clflushopt clwb sha_ni xsaveopt xsavec xgetbv1 xsaves cqm_llc cqm_occup_llc cqm_mbm_total cqm_mbm_local clzero irperf xsaveerptr rdpru wbnoinvd arat npt lbrv svm_lock nrip_save tsc_scale vmcb_clean flushbyasid decodeassists pausefilter pfthreshold avic v_vmsave_vmload vgif umip rdpid overflow_recov succor smca
bugs		: sysret_ss_attrs spectre_v1 spectre_v2 spec_store_bypass
bogomips	: 4193.89
TLB size	: 3072 4K pages
clflush size	: 64
cache_alignment	: 64
address sizes	: 48 bits physical, 48 bits virtual
power management: ts ttp tm hwpstate cpb eff_freq_ro [13] [14]

processor	: 3
vendor_id	: AuthenticAMD
cpu family	: 23
model		: 104
model name	: AMD Ryzen 5 5500U with Radeon Graphics
stepping	: 1
microcode	: 0x8608102
cpu MHz		: 1868.323
cache size	: 512 KB
physical id	: 0
siblings	: 12
core id		: 1
cpu cores	: 6
apicid		: 3
initial apicid	: 3
fpu		: yes
fpu_exception	: yes
cpuid level	: 16
wp		: yes
flags		: fpu vme de pse tsc msr pae mce cx8 apic sep mtrr pge mca cmov pat pse36 clflush mmx fxsr sse sse2 ht syscall nx mmxext fxsr_opt pdpe1gb rdtscp lm constant_tsc rep_good nopl nonstop_tsc cpuid extd_apicid aperfmperf pni pclmulqdq monitor ssse3 fma cx16 sse4_1 sse4_2 movbe popcnt aes xsave avx f16c rdrand lahf_lm cmp_legacy svm extapic cr8_legacy abm sse4a misalignsse 3dnowprefetch osvw ibs skinit wdt tce topoext perfctr_core perfctr_nb bpext perfctr_llc mwaitx cpb cat_l3 cdp_l3 hw_pstate ssbd mba ibrs ibpb stibp vmmcall fsgsbase bmi1 avx2 smep bmi2 cqm rdt_a rdseed adx smap clflushopt clwb sha_ni xsaveopt xsavec xgetbv1 xsaves cqm_llc cqm_occup_llc cqm_mbm_total cqm_mbm_local clzero irperf xsaveerptr rdpru wbnoinvd arat npt lbrv svm_lock nrip_save tsc_scale vmcb_clean flushbyasid decodeassists pausefilter pfthreshold avic v_vmsave_vmload vgif umip rdpid overflow_recov succor smca
bugs		: sysret_ss_attrs spectre_v1 spectre_v2 spec_store_bypass
bogomips	: 4193.89
TLB size	: 3072 4K pages
clflush size	: 64
cache_alignment	: 64
address sizes	: 48 bits physical, 48 bits virtual
power management: ts ttp tm hwpstate cpb eff_freq_ro [13] [14]

processor	: 4
vendor_id	: AuthenticAMD
cpu family	: 23
model		: 104
model name	: AMD Ryzen 5 5500U with Radeon Graphics
stepping	: 1
microcode	: 0x8608102
cpu MHz		: 4036.752
cache size	: 512 KB
physical id	: 0
siblings	: 12
core id		: 2
cpu cores	: 6
apicid		: 4
initial apicid	: 4
fpu		: yes
fpu_exception	: yes
cpuid level	: 16
wp		: yes
flags		: fpu vme de pse tsc msr pae mce cx8 apic sep mtrr pge mca cmov pat pse36 clflush mmx fxsr sse sse2 ht syscall nx mmxext fxsr_opt pdpe1gb rdtscp lm constant_tsc rep_good nopl nonstop_tsc cpuid extd_apicid aperfmperf pni pclmulqdq monitor ssse3 fma cx16 sse4_1 sse4_2 movbe popcnt aes xsave avx f16c rdrand lahf_lm cmp_legacy svm extapic cr8_legacy abm sse4a misalignsse 3dnowprefetch osvw ibs skinit wdt tce topoext perfctr_core perfctr_nb bpext perfctr_llc mwaitx cpb cat_l3 cdp_l3 hw_pstate ssbd mba ibrs ibpb stibp vmmcall fsgsbase bmi1 avx2 smep bmi2 cqm rdt_a rdseed adx smap clflushopt clwb sha_ni xsaveopt xsavec xgetbv1 xsaves cqm_llc cqm_occup_llc cqm_mbm_total cqm_mbm_local clzero irperf xsaveerptr rdpru wbnoinvd arat npt lbrv svm_lock nrip_save tsc_scale vmcb_clean flushbyasid decodeassists pausefilter pfthreshold avic v_vmsave_vmload vgif umip rdpid overflow_recov succor smca
bugs		: sysret_ss_attrs spectre_v1 spectre_v2 spec_store_bypass
bogomips	: 4193.89
TLB size	: 3072 4K pages
clflush size	: 64
cache_alignment	: 64
address sizes	: 48 bits physical, 48 bits virtual
power management: ts ttp tm hwpstate cpb eff_freq_ro [13] [14]

processor	: 5
vendor_id	: AuthenticAMD
cpu family	: 23
model		: 104
model name	: AMD Ryzen 5 5500U with Radeon Graphics
stepping	: 1
microcode	: 0x8608102
cpu MHz		: 4042.277
cache size	: 512 KB
physical id	: 0
siblings	: 12
core id		: 2
cpu cores	: 6
apicid		: 5
initial apicid	: 5
fpu		: yes
fpu_exception	: yes
cpuid level	: 16
wp		: yes
flags		: fpu vme de pse tsc msr pae mce cx8 apic sep mtrr pge mca cmov pat pse36 clflush mmx fxsr sse sse2 ht syscall nx mmxext fxsr_opt pdpe1gb rdtscp lm constant_tsc rep_good nopl nonstop_tsc cpuid extd_apicid aperfmperf pni pclmulqdq monitor ssse3 fma cx16 sse4_1 sse4_2 movbe popcnt aes xsave avx f16c rdrand lahf_lm cmp_legacy svm extapic cr8_legacy abm sse4a misalignsse 3dnowprefetch osvw ibs skinit wdt tce topoext perfctr_core perfctr_nb bpext perfctr_llc mwaitx cpb cat_l3 cdp_l3 hw_pstate ssbd mba ibrs ibpb stibp vmmcall fsgsbase bmi1 avx2 smep bmi2 cqm rdt_a rdseed adx smap clflushopt clwb sha_ni xsaveopt xsavec xgetbv1 xsaves cqm_llc cqm_occup_llc cqm_mbm_total cqm_mbm_local clzero irperf xsaveerptr rdpru wbnoinvd arat npt lbrv svm_lock nrip_save tsc_scale vmcb_clean flushbyasid decodeassists pausefilter pfthreshold avic v_vmsave_vmload vgif umip rdpid overflow_recov succor smca
bugs		: sysret_ss_attrs spectre_v1 spectre_v2 spec_store_bypass
bogomips	: 4193.89
TLB size	: 3072 4K pages
clflush size	: 64
cache_alignment	: 64
address sizes	: 48 bits physical, 48 bits virtual
power management: ts ttp tm hwpstate cpb eff_freq_ro [13] [14]

processor	: 6
vendor_id	: AuthenticAMD
cpu family	: 23
model		: 104
model name	: AMD Ryzen 5 5500U with Radeon Graphics
stepping	: 1
microcode	: 0x8608102
cpu MHz		: 1796.581
cache size	: 512 KB
physical id	: 0
siblings	: 12
core id		: 4
cpu cores	: 6
apicid		: 8
initial apicid	: 8
fpu		: yes
fpu_exception	: yes
cpuid level	: 16
wp		: yes
flags		: fpu vme de pse tsc msr pae mce cx8 apic sep mtrr pge mca cmov pat pse36 clflush mmx fxsr sse sse2 ht syscall nx mmxext fxsr_opt pdpe1gb rdtscp lm constant_tsc rep_good nopl nonstop_tsc cpuid extd_apicid aperfmperf pni pclmulqdq monitor ssse3 fma cx16 sse4_1 sse4_2 movbe popcnt aes xsave avx f16c rdrand lahf_lm cmp_legacy svm extapic cr8_legacy abm sse4a misalignsse 3dnowprefetch osvw ibs skinit wdt tce topoext perfctr_core perfctr_nb bpext perfctr_llc mwaitx cpb cat_l3 cdp_l3 hw_pstate ssbd mba ibrs ibpb stibp vmmcall fsgsbase bmi1 avx2 smep bmi2 cqm rdt_a rdseed adx smap clflushopt clwb sha_ni xsaveopt xsavec xgetbv1 xsaves cqm_llc cqm_occup_llc cqm_mbm_total cqm_mbm_local clzero irperf xsaveerptr rdpru wbnoinvd arat npt lbrv svm_lock nrip_save tsc_scale vmcb_clean flushbyasid decodeassists pausefilter pfthreshold avic v_vmsave_vmload vgif umip rdpid overflow_recov succor smca
bugs		: sysret_ss_attrs spectre_v1 spectre_v2 spec_store_bypass
bogomips	: 4193.89
TLB size	: 3072 4K pages
clflush size	: 64
cache_alignment	: 64
address sizes	: 48 bits physical, 48 bits virtual
power management: ts ttp tm hwpstate cpb eff_freq_ro [13] [14]

processor	: 7
vendor_id	: AuthenticAMD
cpu family	: 23
model		: 104
model name	: AMD Ryzen 5 5500U with Radeon Graphics
stepping	: 1
microcode	: 0x8608102
cpu MHz		: 1796.480
cache size	: 512 KB
physical id	: 0
siblings	: 12
core id		: 4
cpu cores	: 6
apicid		: 9
initial apicid	: 9
fpu		: yes
fpu_exception	: yes
cpuid level	: 16
wp		: yes
flags		: fpu vme de pse tsc msr pae mce cx8 apic sep mtrr pge mca cmov pat pse36 clflush mmx fxsr sse sse2 ht syscall nx mmxext fxsr_opt pdpe1gb rdtscp lm constant_tsc rep_good nopl nonstop_tsc cpuid extd_apicid aperfmperf pni pclmulqdq monitor ssse3 fma cx16 sse4_1 sse4_2 movbe popcnt aes xsave avx f16c rdrand lahf_lm cmp_legacy svm extapic cr8_legacy abm sse4a misalignsse 3dnowprefetch osvw ibs skinit wdt tce topoext perfctr_core perfctr_nb bpext perfctr_llc mwaitx cpb cat_l3 cdp_l3 hw_pstate ssbd mba ibrs ibpb stibp vmmcall fsgsbase bmi1 avx2 smep bmi2 cqm rdt_a rdseed adx smap clflushopt clwb sha_ni xsaveopt xsavec xgetbv1 xsaves cqm_llc cqm_occup_llc cqm_mbm_total cqm_mbm_local clzero irperf xsaveerptr rdpru wbnoinvd arat npt lbrv svm_lock nrip_save tsc_scale vmcb_clean flushbyasid decodeassists pausefilter pfthreshold avic v_vmsave_vmload vgif umip rdpid overflow_recov succor smca
bugs		: sysret_ss_attrs spectre_v1 spectre_v2 spec_store_bypass
bogomips	: 4193.89
TLB size	: 3072 4K pages
clflush size	: 64
cache_alignment	: 64
address sizes	: 48 bits physical, 48 bits virtual
power management: ts ttp tm hwpstate cpb eff_freq_ro [13] [14]

processor	: 8
vendor_id	: AuthenticAMD
cpu family	: 23
model		: 104
model name	: AMD Ryzen 5 5500U with Radeon Graphics
stepping	: 1
microcode	: 0x8608102
cpu MHz		: 4043.142
cache size	: 512 KB
physical id	: 0
siblings	: 12
core id		: 5
cpu cores	: 6
apicid		: 10
initial apicid	: 10
fpu		: yes
fpu_exception	: yes
cpuid level	: 16
wp		: yes
flags		: fpu vme de pse tsc msr pae mce cx8 apic sep mtrr pge mca cmov pat pse36 clflush mmx fxsr sse sse2 ht syscall nx mmxext fxsr_opt pdpe1gb rdtscp lm constant_tsc rep_good nopl nonstop_tsc cpuid extd_apicid aperfmperf pni pclmulqdq monitor ssse3 fma cx16 sse4_1 sse4_2 movbe popcnt aes xsave avx f16c rdrand lahf_lm cmp_legacy svm extapic cr8_legacy abm sse4a misalignsse 3dnowprefetch osvw ibs skinit wdt tce topoext perfctr_core perfctr_nb bpext perfctr_llc mwaitx cpb cat_l3 cdp_l3 hw_pstate ssbd mba ibrs ibpb stibp vmmcall fsgsbase bmi1 avx2 smep bmi2 cqm rdt_a rdseed adx smap clflushopt clwb sha_ni xsaveopt xsavec xgetbv1 xsaves cqm_llc cqm_occup_llc cqm_mbm_total cqm_mbm_local clzero irperf xsaveerptr rdpru wbnoinvd arat npt lbrv svm_lock nrip_save tsc_scale vmcb_clean flushbyasid decodeassists pausefilter pfthreshold avic v_vmsave_vmload vgif umip rdpid overflow_recov succor smca
bugs		: sysret_ss_attrs spectre_v1 spectre_v2 spec_store_bypass
bogomips	: 4193.89
TLB size	: 3072 4K pages
clflush size	: 64
cache_alignment	: 64
address sizes	: 48 bits physical, 48 bits virtual
power management: ts ttp tm hwpstate cpb eff_freq_ro [13] [14]

processor	: 9
vendor_id	: AuthenticAMD
cpu family	: 23
model		: 104
model name	: AMD Ryzen 5 5500U with Radeon Graphics
stepping	: 1
microcode	: 0x8608102
cpu MHz		: 4038.806
cache size	: 512 KB
physical id	: 0
siblings	: 12
core id		: 5
cpu cores	: 6
apicid		: 11
initial apicid	: 11
fpu		: yes
fpu_exception	: yes
cpuid level	: 16
wp		: yes
flags		: fpu vme de pse tsc msr pae mce cx8 apic sep mtrr pge mca cmov pat pse36 clflush mmx fxsr sse sse2 ht syscall nx mmxext fxsr_opt pdpe1gb rdtscp lm constant_tsc rep_good nopl nonstop_tsc cpuid extd_apicid aperfmperf pni pclmulqdq monitor ssse3 fma cx16 sse4_1 sse4_2 movbe popcnt aes xsave avx f16c rdrand lahf_lm cmp_legacy svm extapic cr8_legacy abm sse4a misalignsse 3dnowprefetch osvw ibs skinit wdt tce topoext perfctr_core perfctr_nb bpext perfctr_llc mwaitx cpb cat_l3 cdp_l3 hw_pstate ssbd mba ibrs ibpb stibp vmmcall fsgsbase bmi1 avx2 smep bmi2 cqm rdt_a rdseed adx smap clflushopt clwb sha_ni xsaveopt xsavec xgetbv1 xsaves cqm_llc cqm_occup_llc cqm_mbm_total cqm_mbm_local clzero irperf xsaveerptr rdpru wbnoinvd arat npt lbrv svm_lock nrip_save tsc_scale vmcb_clean flushbyasid decodeassists pausefilter pfthreshold avic v_vmsave_vmload vgif umip rdpid overflow_recov succor smca
bugs		: sysret_ss_attrs spectre_v1 spectre_v2 spec_store_bypass
bogomips	: 4193.89
TLB size	: 3072 4K pages
clflush size	: 64
cache_alignment	: 64
address sizes	: 48 bits physical, 48 bits virtual
power management: ts ttp tm hwpstate cpb eff_freq_ro [13] [14]

processor	: 10
vendor_id	: AuthenticAMD
cpu family	: 23
model		: 104
model name	: AMD Ryzen 5 5500U with Radeon Graphics
stepping	: 1
microcode	: 0x8608102
cpu MHz		: 1796.607
cache size	: 512 KB
physical id	: 0
siblings	: 12
core id		: 6
cpu cores	: 6
apicid		: 12
initial apicid	: 12
fpu		: yes
fpu_exception	: yes
cpuid level	: 16
wp		: yes
flags		: fpu vme de pse tsc msr pae mce cx8 apic sep mtrr pge mca cmov pat pse36 clflush mmx fxsr sse sse2 ht syscall nx mmxext fxsr_opt pdpe1gb rdtscp lm constant_tsc rep_good nopl nonstop_tsc cpuid extd_apicid aperfmperf pni pclmulqdq monitor ssse3 fma cx16 sse4_1 sse4_2 movbe popcnt aes xsave avx f16c rdrand lahf_lm cmp_legacy svm extapic cr8_legacy abm sse4a misalignsse 3dnowprefetch osvw ibs skinit wdt tce topoext perfctr_core perfctr_nb bpext perfctr_llc mwaitx cpb cat_l3 cdp_l3 hw_pstate ssbd mba ibrs ibpb stibp vmmcall fsgsbase bmi1 avx2 smep bmi2 cqm rdt_a rdseed adx smap clflushopt clwb sha_ni xsaveopt xsavec xgetbv1 xsaves cqm_llc cqm_occup_llc cqm_mbm_total cqm_mbm_local clzero irperf xsaveerptr rdpru wbnoinvd arat npt lbrv svm_lock nrip_save tsc_scale vmcb_clean flushbyasid decodeassists pausefilter pfthreshold avic v_vmsave_vmload vgif umip rdpid overflow_recov succor smca
bugs		: sysret_ss_attrs spectre_v1 spectre_v2 spec_store_bypass
bogomips	: 4193.89
TLB size	: 3072 4K pages
clflush size	: 64
cache_alignment	: 64
address sizes	: 48 bits physical, 48 bits virtual
power management: ts ttp tm hwpstate cpb eff_freq_ro [13] [14]

processor	: 11
vendor_id	: AuthenticAMD
cpu family	: 23
model		: 104
model name	: AMD Ryzen 5 5500U with Radeon Graphics
stepping	: 1
microcode	: 0x8608102
cpu MHz		: 1796.151
cache size	: 512 KB
physical id	: 0
siblings	: 12
core id		: 6
cpu cores	: 6
apicid		: 13
initial apicid	: 13
fpu		: yes
fpu_exception	: yes
cpuid level	: 16
wp		: yes
flags		: fpu vme de pse tsc msr pae mce cx8 apic sep mtrr pge mca cmov pat pse36 clflush mmx fxsr sse sse2 ht syscall nx mmxext fxsr_opt pdpe1gb rdtscp lm constant_tsc rep_good nopl nonstop_tsc cpuid extd_apicid aperfmperf pni pclmulqdq monitor ssse3 fma cx16 sse4_1 sse4_2 movbe popcnt aes xsave avx f16c rdrand lahf_lm cmp_legacy svm extapic cr8_legacy abm sse4a misalignsse 3dnowprefetch osvw ibs skinit wdt tce topoext perfctr_core perfctr_nb bpext perfctr_llc mwaitx cpb cat_l3 cdp_l3 hw_pstate ssbd mba ibrs ibpb stibp vmmcall fsgsbase bmi1 avx2 smep bmi2 cqm rdt_a rdseed adx smap clflushopt clwb sha_ni xsaveopt xsavec xgetbv1 xsaves cqm_llc cqm_occup_llc cqm_mbm_total cqm_mbm_local clzero irperf xsaveerptr rdpru wbnoinvd arat npt lbrv svm_lock nrip_save tsc_scale vmcb_clean flushbyasid decodeassists pausefilter pfthreshold avic v_vmsave_vmload vgif umip rdpid overflow_recov succor smca
bugs		: sysret_ss_attrs spectre_v1 spectre_v2 spec_store_bypass
bogomips	: 4193.89
TLB size	: 3072 4K pages
clflush size	: 64
cache_alignment	: 64
address sizes	: 48 bits physical, 48 bits virtual
power management: ts ttp tm hwpstate cpb eff_freq_ro [13] [14]

MemTotal:       14247240 kB
MemFree:          993452 kB
MemAvailable:    6364372 kB
Buffers:          332908 kB
Cached:          5331792 kB
SwapCached:            0 kB
Active:          2607448 kB
Inactive:        9289696 kB
Active(anon):      59760 kB
Inactive(anon):  6500148 kB
Active(file):    2547688 kB
Inactive(file):  2789548 kB
Unevictable:         608 kB
Mlocked:             608 kB
SwapTotal:             0 kB
SwapFree:              0 kB
Dirty:               956 kB
Writeback:             0 kB
AnonPages:       6233204 kB
Mapped:          1139696 kB
Shmem:            327452 kB
KReclaimable:     362580 kB
Slab:             566924 kB
SReclaimable:     362580 kB
SUnreclaim:       204344 kB
KernelStack:       35568 kB
PageTables:        84560 kB
NFS_Unstable:          0 kB
Bounce:                0 kB
WritebackTmp:          0 kB
CommitLimit:     7123620 kB
Committed_AS:   28305508 kB
VmallocTotal:   34359738367 kB
VmallocUsed:      111228 kB
VmallocChunk:          0 kB
Percpu:            19200 kB
HardwareCorrupted:     0 kB
AnonHugePages:         0 kB
ShmemHugePages:        0 kB
ShmemPmdMapped:        0 kB
FileHugePages:         0 kB
FilePmdMapped:         0 kB
CmaTotal:              0 kB
CmaFree:               0 kB
HugePages_Total:       0
HugePages_Free:        0
HugePages_Rsvd:        0
HugePages_Surp:        0
Hugepagesize:       2048 kB
Hugetlb:               0 kB
DirectMap4k:     1421440 kB
DirectMap2M:    13117440 kB
DirectMap1G:           0 kB
slabinfo - version: 2.1
# name            <active_objs> <num_objs> <objsize> <objperslab> <pagesperslab> : tunables <limit> <batchcount> <sharedfactor> : slabdata <active_slabs> <num_slabs> <sharedavail>
QIPCRTR                2     39    832   39    8 : tunables    0    0    0 : slabdata      1      1      0
kvm_async_pf           0      0    136   30    1 : tunables    0    0    0 : slabdata      0      0      0
kvm_vcpu               0      0   9616    3    8 : tunables    0    0    0 : slabdata      0      0      0
kvm_mmu_page_header      0      0    168   24    1 : tunables    0    0    0 : slabdata      0      0      0
x86_emulator           0      0   2672   12    8 : tunables    0    0    0 : slabdata      0      0      0
x86_fpu                0      0   4160    7    8 : tunables    0    0    0 : slabdata      0      0      0
fat_inode_cache        4     86    752   43    8 : tunables    0    0    0 : slabdata      2      2      0
fat_cache              0      0     40  102    1 : tunables    0    0    0 : slabdata      0      0      0
squashfs_inode_cache    701   1012    704   46    8 : tunables    0    0    0 : slabdata     22     22      0
fuse_request          26    156    152   26    1 : tunables    0    0    0 : slabdata      6      6      0
fuse_inode             4    144    896   36    8 : tunables    0    0    0 : slabdata      4      4      0
ext4_groupinfo_4k   3814   3836    144   28    1 : tunables    0    0    0 : slabdata    137    137      0
ext4_fc_dentry_update      0      0     80   51    1 : tunables    0    0    0 : slabdata      0      0      0
ext4_inode_cache  135672 137457   1192   27    8 : tunables    0    0    0 : slabdata   5091   5091      0
ext4_allocation_context    384    384    128   32    1 : tunables    0    0    0 : slabdata     12     12      0
ext4_io_end         1088   1088     64   64    1 : tunables    0    0    0 : slabdata     17     17      0
ext4_extent_status 103359 176562     40  102    1 : tunables    0    0    0 : slabdata   1731   1731      0
jbd2_journal_handle   1241   1241     56   73    1 : tunables    0    0    0 : slabdata     17     17      0
jbd2_journal_head    884    884    120   34    1 : tunables    0    0    0 : slabdata     26     26      0
jbd2_revoke_table_s      2    256     16  256    1 : tunables    0    0    0 : slabdata      1      1      0
jbd2_revoke_record_s   1536   1536     32  128    1 : tunables    0    0    0 : slabdata     12     12      0
fsverity_info          0      0    256   32    2 : tunables    0    0    0 : slabdata      0      0      0
fscrypt_info           0      0    136   30    1 : tunables    0    0    0 : slabdata      0      0      0
MPTCPv6                0      0   1920   17    8 : tunables    0    0    0 : slabdata      0      0      0
ip6-frags              0      0    184   44    2 : tunables    0    0    0 : slabdata      0      0      0
PINGv6                 0      0   1216   26    8 : tunables    0    0    0 : slabdata      0      0      0
RAWv6                202    260   1216   26    8 : tunables    0    0    0 : slabdata     10     10      0
UDPv6                288    288   1344   24    8 : tunables    0    0    0 : slabdata     12     12      0
tw_sock_TCPv6          0      0    248   33    2 : tunables    0    0    0 : slabdata      0      0      0
request_sock_TCPv6      0      0    304   26    2 : tunables    0    0    0 : slabdata      0      0      0
TCPv6                156    156   2432   13    8 : tunables    0    0    0 : slabdata     12     12      0
ashmem_area_cache      0      0    312   26    2 : tunables    0    0    0 : slabdata      0      0      0
scsi_sense_cache      64     64    128   32    1 : tunables    0    0    0 : slabdata      2      2      0
bfq_io_cq              0      0    160   25    1 : tunables    0    0    0 : slabdata      0      0      0
mqueue_inode_cache      2    102    960   34    8 : tunables    0    0    0 : slabdata      3      3      0
userfaultfd_ctx_cache      0      0    192   42    2 : tunables    0    0    0 : slabdata      0      0      0
dnotify_struct         0      0     32  128    1 : tunables    0    0    0 : slabdata      0      0      0
dio                    0      0    640   25    4 : tunables    0    0    0 : slabdata      0      0      0
pid_namespace        336    336    144   28    1 : tunables    0    0    0 : slabdata     12     12      0
ip4-frags              0      0    200   40    2 : tunables    0    0    0 : slabdata      0      0      0
MPTCP                  0      0   1792   18    8 : tunables    0    0    0 : slabdata      0      0      0
request_sock_subflow      0      0    376   43    4 : tunables    0    0    0 : slabdata      0      0      0
xfrm_state             0      0    768   42    8 : tunables    0    0    0 : slabdata      0      0      0
PING                1996   2016   1024   32    8 : tunables    0    0    0 : slabdata     63     63      0
RAW                  320    384   1024   32    8 : tunables    0    0    0 : slabdata     12     12      0
tw_sock_TCP          132    132    248   33    2 : tunables    0    0    0 : slabdata      4      4      0
request_sock_TCP      52     52    304   26    2 : tunables    0    0    0 : slabdata      2      2      0
TCP                  252    252   2240   14    8 : tunables    0    0    0 : slabdata     18     18      0
hugetlbfs_inode_cache      3     50    640   25    4 : tunables    0    0    0 : slabdata      2      2      0
dquot                384    384    256   32    2 : tunables    0    0    0 : slabdata     12     12      0
eventpoll_pwq       1884   2016     72   56    1 : tunables    0    0    0 : slabdata     36     36      0
dax_cache              1     42    768   42    8 : tunables    0    0    0 : slabdata      1      1      0
bio_crypt_ctx        386    510     40  102    1 : tunables    0    0    0 : slabdata      5      5      0
request_queue         33    160   2032   16    8 : tunables    0    0    0 : slabdata     10     10      0
biovec-max           314    352   4096    8    8 : tunables    0    0    0 : slabdata     44     44      0
biovec-128             2     16   2048   16    8 : tunables    0    0    0 : slabdata      1      1      0
biovec-64            384    384   1024   32    8 : tunables    0    0    0 : slabdata     12     12      0
khugepaged_mm_slot      0      0    112   36    1 : tunables    0    0    0 : slabdata      0      0      0
user_namespace       120    150    544   30    4 : tunables    0    0    0 : slabdata      5      5      0
dmaengine-unmap-256      1     15   2112   15    8 : tunables    0    0    0 : slabdata      1      1      0
dmaengine-unmap-128      1     30   1088   30    8 : tunables    0    0    0 : slabdata      1      1      0
sock_inode_cache    2843   3198    832   39    8 : tunables    0    0    0 : slabdata     82     82      0
skbuff_ext_cache    7644   7644    192   42    2 : tunables    0    0    0 : slabdata    182    182      0
skbuff_fclone_cache    704    704    512   32    4 : tunables    0    0    0 : slabdata     22     22      0
skbuff_head_cache   3973   4128    256   32    2 : tunables    0    0    0 : slabdata    129    129      0
file_lock_cache      444    444    216   37    2 : tunables    0    0    0 : slabdata     12     12      0
file_lock_ctx        974   1022     56   73    1 : tunables    0    0    0 : slabdata     14     14      0
fsnotify_mark_connector   3745   5120     32  128    1 : tunables    0    0    0 : slabdata     40     40      0
net_namespace         18     42   5056    6    8 : tunables    0    0    0 : slabdata      7      7      0
task_delay_info     5661   5661     80   51    1 : tunables    0    0    0 : slabdata    111    111      0
taskstats            552    552    352   46    4 : tunables    0    0    0 : slabdata     12     12      0
proc_dir_entry      1428   1428    192   42    2 : tunables    0    0    0 : slabdata     34     34      0
pde_opener          1224   1224     40  102    1 : tunables    0    0    0 : slabdata     12     12      0
proc_inode_cache    5358   5358    688   47    8 : tunables    0    0    0 : slabdata    114    114      0
seq_file             408    408    120   34    1 : tunables    0    0    0 : slabdata     12     12      0
bdev_cache            57    390    832   39    8 : tunables    0    0    0 : slabdata     10     10      0
shmem_inode_cache   5021   5850    728   45    8 : tunables    0    0    0 : slabdata    130    130      0
kernfs_node_cache  41323  42208    128   32    1 : tunables    0    0    0 : slabdata   1319   1319      0
mnt_cache           2091   2200    320   25    2 : tunables    0    0    0 : slabdata     88     88      0
filp               18739  19488    256   32    2 : tunables    0    0    0 : slabdata    609    609      0
inode_cache        20369  23010    616   26    4 : tunables    0    0    0 : slabdata    885    885      0
dentry            201100 245322    192   42    2 : tunables    0    0    0 : slabdata   5841   5841      0
names_cache           96     96   4096    8    8 : tunables    0    0    0 : slabdata     12     12      0
buffer_head       673397 783432    104   39    1 : tunables    0    0    0 : slabdata  20088  20088      0
uts_namespace         40    222    440   37    4 : tunables    0    0    0 : slabdata      6      6      0
vm_area_struct    143746 145440    200   40    2 : tunables    0    0    0 : slabdata   3636   3636      0
mm_struct            420    420   1088   30    8 : tunables    0    0    0 : slabdata     14     14      0
files_cache          598    598    704   46    8 : tunables    0    0    0 : slabdata     13     13      0
signal_cache         812    812   1152   28    8 : tunables    0    0    0 : slabdata     29     29      0
sighand_cache        660    660   2112   15    8 : tunables    0    0    0 : slabdata     44     44      0
task_struct         2260   2272   7872    4    8 : tunables    0    0    0 : slabdata    568    568      0
cred_jar            2436   2436    192   42    2 : tunables    0    0    0 : slabdata     58     58      0
anon_vma_chain     80650  83008     64   64    1 : tunables    0    0    0 : slabdata   1297   1297      0
anon_vma           52443  54280     88   46    1 : tunables    0    0    0 : slabdata   1180   1180      0
pid                 4294   4832    128   32    1 : tunables    0    0    0 : slabdata    151    151      0
irq_remap_cache       20     32   8192    4    8 : tunables    0    0    0 : slabdata      8      8      0
Acpi-Operand        6167   6216     72   56    1 : tunables    0    0    0 : slabdata    111    111      0
Acpi-ParseExt        468    468    104   39    1 : tunables    0    0    0 : slabdata     12     12      0
Acpi-State           714    714     80   51    1 : tunables    0    0    0 : slabdata     14     14      0
numa_policy       183425 191760     24  170    1 : tunables    0    0    0 : slabdata   1128   1128      0
trace_event_file    5945   6302     88   46    1 : tunables    0    0    0 : slabdata    137    137      0
ftrace_event_field   9180   9180     48   85    1 : tunables    0    0    0 : slabdata    108    108      0
pool_workqueue      1952   1952    256   32    2 : tunables    0    0    0 : slabdata     61     61      0
radix_tree_node    70703  71792    584   28    4 : tunables    0    0    0 : slabdata   2564   2564      0
task_group           336    336    576   28    4 : tunables    0    0    0 : slabdata     12     12      0
vmap_area          94122  95424     64   64    1 : tunables    0    0    0 : slabdata   1491   1491      0
dma-kmalloc-8k         0      0   8192    4    8 : tunables    0    0    0 : slabdata      0      0      0
dma-kmalloc-4k         0      0   4096    8    8 : tunables    0    0    0 : slabdata      0      0      0
dma-kmalloc-2k         0      0   2048   16    8 : tunables    0    0    0 : slabdata      0      0      0
dma-kmalloc-1k         0      0   1024   32    8 : tunables    0    0    0 : slabdata      0      0      0
dma-kmalloc-512        0      0    512   32    4 : tunables    0    0    0 : slabdata      0      0      0
dma-kmalloc-256        0      0    256   32    2 : tunables    0    0    0 : slabdata      0      0      0
dma-kmalloc-128        0      0    128   32    1 : tunables    0    0    0 : slabdata      0      0      0
dma-kmalloc-64         0      0     64   64    1 : tunables    0    0    0 : slabdata      0      0      0
dma-kmalloc-32         0      0     32  128    1 : tunables    0    0    0 : slabdata      0      0      0
dma-kmalloc-16         0      0     16  256    1 : tunables    0    0    0 : slabdata      0      0      0
dma-kmalloc-8          0      0      8  512    1 : tunables    0    0    0 : slabdata      0      0      0
dma-kmalloc-192        0      0    192   42    2 : tunables    0    0    0 : slabdata      0      0      0
dma-kmalloc-96         0      0     96   42    1 : tunables    0    0    0 : slabdata      0      0      0
kmalloc-rcl-8k         0      0   8192    4    8 : tunables    0    0    0 : slabdata      0      0      0
kmalloc-rcl-4k         0      0   4096    8    8 : tunables    0    0    0 : slabdata      0      0      0
kmalloc-rcl-2k        32     32   2048   16    8 : tunables    0    0    0 : slabdata      2      2      0
kmalloc-rcl-1k        64     64   1024   32    8 : tunables    0    0    0 : slabdata      2      2      0
kmalloc-rcl-512       64     64    512   32    4 : tunables    0    0    0 : slabdata      2      2      0
kmalloc-rcl-256        0      0    256   32    2 : tunables    0    0    0 : slabdata      0      0      0
kmalloc-rcl-192        9    126    192   42    2 : tunables    0    0    0 : slabdata      3      3      0
kmalloc-rcl-128      267    352    128   32    1 : tunables    0    0    0 : slabdata     11     11      0
kmalloc-rcl-96      1680   1680     96   42    1 : tunables    0    0    0 : slabdata     40     40      0
kmalloc-rcl-64     24939  25408     64   64    1 : tunables    0    0    0 : slabdata    397    397      0
kmalloc-rcl-32         0      0     32  128    1 : tunables    0    0    0 : slabdata      0      0      0
kmalloc-rcl-16         0      0     16  256    1 : tunables    0    0    0 : slabdata      0      0      0
kmalloc-rcl-8          0      0      8  512    1 : tunables    0    0    0 : slabdata      0      0      0
kmalloc-8k           341    348   8192    4    8 : tunables    0    0    0 : slabdata     87     87      0
kmalloc-4k          9523   9656   4096    8    8 : tunables    0    0    0 : slabdata   1207   1207      0
kmalloc-2k          2991   3136   2048   16    8 : tunables    0    0    0 : slabdata    196    196      0
kmalloc-1k          5900   5952   1024   32    8 : tunables    0    0    0 : slabdata    186    186      0
kmalloc-512        38362  41952    512   32    4 : tunables    0    0    0 : slabdata   1311   1311      0
kmalloc-256        13280  13280    256   32    2 : tunables    0    0    0 : slabdata    415    415      0
kmalloc-192         3729   3780    192   42    2 : tunables    0    0    0 : slabdata     90     90      0
kmalloc-128         3673   3872    128   32    1 : tunables    0    0    0 : slabdata    121    121      0
kmalloc-96          4998   4998     96   42    1 : tunables    0    0    0 : slabdata    119    119      0
kmalloc-64         26368  26368     64   64    1 : tunables    0    0    0 : slabdata    412    412      0
kmalloc-32         49913  50816     32  128    1 : tunables    0    0    0 : slabdata    397    397      0
kmalloc-16         15421  16640     16  256    1 : tunables    0    0    0 : slabdata     65     65      0
kmalloc-8          11732  13312      8  512    1 : tunables    0    0    0 : slabdata     26     26      0
kmem_cache_node      192    640     64   64    1 : tunables    0    0    0 : slabdata     10     10      0
kmem_cache           160    352    256   32    2 : tunables    0    0    0 : slabdata     11     11      0
Node 0, zone      DMA
  per-node stats
      nr_inactive_anon 1625037
      nr_active_anon 14940
      nr_inactive_file 697387
      nr_active_file 636922
      nr_unevictable 152
      nr_slab_reclaimable 90645
      nr_slab_unreclaimable 51086
      nr_isolated_anon 0
      nr_isolated_file 0
      workingset_nodes 10694
      workingset_refault_anon 0
      workingset_refault_file 10133
      workingset_activate_anon 0
      workingset_activate_file 10094
      workingset_restore_anon 0
      workingset_restore_file 6166
      workingset_nodereclaim 2566
      nr_anon_pages 1558301
      nr_mapped    284924
      nr_file_pages 1416175
      nr_dirty     239
      nr_writeback 0
      nr_writeback_temp 0
      nr_shmem     81863
      nr_shmem_hugepages 0
      nr_shmem_pmdmapped 0
      nr_file_hugepages 0
      nr_file_pmdmapped 0
      nr_anon_transparent_hugepages 0
      nr_vmscan_write 0
      nr_vmscan_immediate_reclaim 121
      nr_dirtied   4020629
      nr_written   2718430
      nr_kernel_misc_reclaimable 0
      nr_foll_pin_acquired 0
      nr_foll_pin_released 0
      nr_kernel_stack 35568
  pages free     3464
        min      18
        low      22
        high     26
        spanned  4095
        present  3998
        managed  3976
        protection: (0, 3108, 13812, 13812, 13812)
      nr_free_pages 3464
      nr_zone_inactive_anon 0
      nr_zone_active_anon 0
      nr_zone_inactive_file 0
      nr_zone_active_file 0
      nr_zone_unevictable 0
      nr_zone_write_pending 0
      nr_mlock     0
      nr_page_table_pages 0
      nr_bounce    0
      nr_zspages   0
      nr_free_cma  0
      numa_hit     1
      numa_miss    0
      numa_foreign 0
      numa_interleave 1
      numa_local   1
      numa_other   0
  pagesets
    cpu: 0
              count: 0
              high:  0
              batch: 1
  vm stats threshold: 8
    cpu: 1
              count: 0
              high:  0
              batch: 1
  vm stats threshold: 8
    cpu: 2
              count: 0
              high:  0
              batch: 1
  vm stats threshold: 8
    cpu: 3
              count: 0
              high:  0
              batch: 1
  vm stats threshold: 8
    cpu: 4
              count: 0
              high:  0
              batch: 1
  vm stats threshold: 8
    cpu: 5
              count: 0
              high:  0
              batch: 1
  vm stats threshold: 8
    cpu: 6
              count: 0
              high:  0
              batch: 1
  vm stats threshold: 8
    cpu: 7
              count: 0
              high:  0
              batch: 1
  vm stats threshold: 8
    cpu: 8
              count: 0
              high:  0
              batch: 1
  vm stats threshold: 8
    cpu: 9
              count: 0
              high:  0
              batch: 1
  vm stats threshold: 8
    cpu: 10
              count: 0
              high:  0
              batch: 1
  vm stats threshold: 8
    cpu: 11
              count: 0
              high:  0
              batch: 1
  vm stats threshold: 8
  node_unreclaimable:  0
  start_pfn:           1
Node 0, zone    DMA32
  pages free     33753
        min      3797
        low      4746
        high     5695
        spanned  1044480
        present  815840
        managed  815595
        protection: (0, 0, 10704, 10704, 10704)
      nr_free_pages 33753
      nr_zone_inactive_anon 448802
      nr_zone_active_anon 913
      nr_zone_inactive_file 188224
      nr_zone_active_file 102304
      nr_zone_unevictable 8
      nr_zone_write_pending 19
      nr_mlock     8
      nr_page_table_pages 5200
      nr_bounce    0
      nr_zspages   0
      nr_free_cma  0
      numa_hit     12717723
      numa_miss    0
      numa_foreign 0
      numa_interleave 2
      numa_local   12717723
      numa_other   0
  pagesets
    cpu: 0
              count: 334
              high:  378
              batch: 63
  vm stats threshold: 48
    cpu: 1
              count: 325
              high:  378
              batch: 63
  vm stats threshold: 48
    cpu: 2
              count: 336
              high:  378
              batch: 63
  vm stats threshold: 48
    cpu: 3
              count: 109
              high:  378
              batch: 63
  vm stats threshold: 48
    cpu: 4
              count: 338
              high:  378
              batch: 63
  vm stats threshold: 48
    cpu: 5
              count: 262
              high:  378
              batch: 63
  vm stats threshold: 48
    cpu: 6
              count: 318
              high:  378
              batch: 63
  vm stats threshold: 48
    cpu: 7
              count: 325
              high:  378
              batch: 63
  vm stats threshold: 48
    cpu: 8
              count: 345
              high:  378
              batch: 63
  vm stats threshold: 48
    cpu: 9
              count: 93
              high:  378
              batch: 63
  vm stats threshold: 48
    cpu: 10
              count: 363
              high:  378
              batch: 63
  vm stats threshold: 48
    cpu: 11
              count: 370
              high:  378
              batch: 63
  vm stats threshold: 48
  node_unreclaimable:  0
  start_pfn:           4096
Node 0, zone   Normal
  pages free     211146
        min      13079
        low      16348
        high     19617
        spanned  2814784
        present  2814784
        managed  2742239
        protection: (0, 0, 0, 0, 0)
      nr_free_pages 211146
      nr_zone_inactive_anon 1176235
      nr_zone_active_anon 14027
      nr_zone_inactive_file 509163
      nr_zone_active_file 534618
      nr_zone_unevictable 144
      nr_zone_write_pending 220
      nr_mlock     144
      nr_page_table_pages 15940
      nr_bounce    0
      nr_zspages   0
      nr_free_cma  0
      numa_hit     75204941
      numa_miss    0
      numa_foreign 0
      numa_interleave 15334
      numa_local   75204941
      numa_other   0
  pagesets
    cpu: 0
              count: 330
              high:  378
              batch: 63
  vm stats threshold: 64
    cpu: 1
              count: 87
              high:  378
              batch: 63
  vm stats threshold: 64
    cpu: 2
              count: 64
              high:  378
              batch: 63
  vm stats threshold: 64
    cpu: 3
              count: 252
              high:  378
              batch: 63
  vm stats threshold: 64
    cpu: 4
              count: 351
              high:  378
              batch: 63
  vm stats threshold: 64
    cpu: 5
              count: 38
              high:  378
              batch: 63
  vm stats threshold: 64
    cpu: 6
              count: 72
              high:  378
              batch: 63
  vm stats threshold: 64
    cpu: 7
              count: 111
              high:  378
              batch: 63
  vm stats threshold: 64
    cpu: 8
              count: 322
              high:  378
              batch: 63
  vm stats threshold: 64
    cpu: 9
              count: 49
              high:  378
              batch: 63
  vm stats threshold: 64
    cpu: 10
              count: 134
              high:  378
              batch: 63
  vm stats threshold: 64
    cpu: 11
              count: 284
              high:  378
              batch: 63
  vm stats threshold: 64
  node_unreclaimable:  0
  start_pfn:           1048576
Node 0, zone  Movable
  pages free     0
        min      0
        low      0
        high     0
        spanned  0
        present  0
        managed  0
        protection: (0, 0, 0, 0, 0)
Node 0, zone   Device
  pages free     0
        min      0
        low      0
        high     0
        spanned  0
        present  0
        managed  0
        protection: (0, 0, 0, 0, 0)
Node 0, zone      DMA      2      1      1      2      1      1      1      0      1      2      2 
Node 0, zone    DMA32   7703   2395    877    335     98     22      8      2      1     17      3 
Node 0, zone   Normal  74012  23368   6261   3094   1421    350     48      6      1      5      0 
0x00000000e7bb3b59-0x00000000194ebb8c   20480 irq_init_percpu_irqstack+0xcb/0x100 vmap
0x00000000194ebb8c-0x00000000dda8c478    8192 acpi_os_map_iomem+0x1a6/0x1c0 phys=0x00000000c7ec2000 ioremap
0x00000000dda8c478-0x0000000053ee217e    8192 acpi_os_map_iomem+0x1a6/0x1c0 phys=0x00000000cb980000 ioremap
0x0000000053ee217e-0x0000000046cf80d6    8192 acpi_os_map_iomem+0x1a6/0x1c0 phys=0x00000000c919b000 ioremap
0x0000000046cf80d6-0x0000000010028d96    8192 gen_pool_add_owner+0x3a/0xc0 pages=1 vmalloc N0=1
0x0000000010028d96-0x000000005d045cf6    8192 acpi_os_map_iomem+0x1a6/0x1c0 phys=0x00000000c90da000 ioremap
0x00000000c66c8ba5-0x00000000055dc0b7   40960 acpi_os_map_iomem+0x1a6/0x1c0 phys=0x00000000c7eb6000 ioremap
0x00000000055dc0b7-0x0000000075c7e8b7    8192 acpi_os_map_iomem+0x1a6/0x1c0 phys=0x00000000c90c4000 ioremap
0x0000000075c7e8b7-0x0000000015244809    8192 acpi_os_map_iomem+0x1a6/0x1c0 phys=0x00000000c7ec1000 ioremap
0x0000000015244809-0x0000000082f850ce    8192 gen_pool_add_owner+0x3a/0xc0 pages=1 vmalloc N0=1
0x0000000082f850ce-0x0000000017123751   36864 acpi_os_map_iomem+0x1a6/0x1c0 phys=0x00000000c918e000 ioremap
0x0000000017123751-0x000000000bbbbeac    8192 acpi_os_map_iomem+0x1a6/0x1c0 phys=0x00000000c7ec0000 ioremap
0x000000000bbbbeac-0x000000002e21481a    8192 bpf_prog_alloc_no_stats+0x2e/0x120 pages=1 vmalloc N0=1
0x000000002e21481a-0x000000002f2eb943    8192 acpi_os_map_iomem+0x1a6/0x1c0 phys=0x00000000c7ea2000 ioremap
0x00000000ccb49e00-0x0000000038b6df41   61440 acpi_os_map_iomem+0x1a6/0x1c0 phys=0x00000000c7ea8000 ioremap
0x00000000ce3363a4-0x00000000df6c20c0   20480 acpi_os_map_iomem+0x1a6/0x1c0 phys=0x00000000c7ea3000 ioremap
0x00000000df6c20c0-0x0000000089ce0725    8192 acpi_os_map_iomem+0x1a6/0x1c0 phys=0x00000000c7ea1000 ioremap
0x0000000089ce0725-0x0000000070781302    8192 acpi_os_map_iomem+0x1a6/0x1c0 phys=0x00000000c7ea0000 ioremap
0x0000000070781302-0x00000000276a24be    8192 acpi_os_map_iomem+0x1a6/0x1c0 phys=0x00000000c7e9f000 ioremap
0x00000000276a24be-0x00000000766004fe    8192 acpi_os_map_iomem+0x1a6/0x1c0 phys=0x00000000c7e9d000 ioremap
0x00000000766004fe-0x00000000745dcf4e    8192 acpi_os_map_iomem+0x1a6/0x1c0 phys=0x00000000c7e9c000 ioremap
0x000000009b3dc742-0x000000002d7ac0c5   12288 acpi_os_map_iomem+0x1a6/0x1c0 phys=0x00000000c7e9a000 ioremap
0x000000008a0960ab-0x00000000a522dea8   12288 acpi_os_map_iomem+0x1a6/0x1c0 phys=0x00000000c7e98000 ioremap
0x0000000053fdff11-0x0000000053f3d45a   20480 acpi_os_map_iomem+0x1a6/0x1c0 phys=0x00000000c7e94000 ioremap
0x0000000053f3d45a-0x000000006d933756    8192 acpi_os_map_iomem+0x1a6/0x1c0 phys=0x00000000c7e93000 ioremap
0x000000006d933756-0x00000000762f8751    8192 acpi_os_map_iomem+0x1a6/0x1c0 phys=0x00000000cb97e000 ioremap
0x00000000762f8751-0x000000004e3a13f7    8192 acpi_os_map_iomem+0x1a6/0x1c0 phys=0x00000000c919a000 ioremap
0x000000004e3a13f7-0x00000000c304fc86    8192 hpet_enable+0xec/0x474 phys=0x00000000fed00000 ioremap
0x00000000c304fc86-0x000000007c1415fa    8192 bpf_prog_alloc_no_stats+0x2e/0x120 pages=1 vmalloc N0=1
0x0000000024136c48-0x00000000aa7061cd   20480 kernel_clone+0x97/0x3e0 pages=4 vmalloc N0=4
0x00000000aa7061cd-0x00000000e770a50b    8192 gen_pool_add_owner+0x3a/0xc0 pages=1 vmalloc N0=1
0x0000000099b57503-0x00000000e7a02239   20480 kernel_clone+0x97/0x3e0 pages=4 vmalloc N0=4
0x00000000e7a02239-0x0000000065fa382b    8192 gen_pool_add_owner+0x3a/0xc0 pages=1 vmalloc N0=1
0x00000000e3af02e1-0x00000000b91439d9   20480 kernel_clone+0x97/0x3e0 pages=4 vmalloc N0=4
0x00000000b91439d9-0x00000000e64eb901    8192 acpi_os_map_iomem+0x1a6/0x1c0 phys=0x00000000fed80000 ioremap
0x0000000057e58eb2-0x00000000c828f087  528384 iommu_go_to_state+0x405/0x13fb phys=0x00000000fdf00000 ioremap
0x00000000c828f087-0x000000003ae2f07e    8192 acpi_os_map_iomem+0x1a6/0x1c0 phys=0x00000000cc236000 ioremap
0x00000000af714142-0x000000008c975527   20480 kernel_clone+0x97/0x3e0 pages=4 vmalloc N0=4
0x000000008c975527-0x000000005a643299    8192 acpi_os_map_iomem+0x1a6/0x1c0 phys=0x00000000cb276000 ioremap
0x000000005a643299-0x0000000075eefe32   12288 bpf_prog_alloc_no_stats+0x2e/0x120 pages=2 vmalloc N0=2
0x0000000075eefe32-0x000000005694a87f   12288 bpf_prog_alloc_no_stats+0x2e/0x120 pages=2 vmalloc N0=2
0x000000005694a87f-0x00000000fdda1cae    8192 acpi_os_map_iomem+0x1a6/0x1c0 phys=0x00000000c918c000 ioremap
0x000000004aa1dc05-0x000000003ca1c336   20480 kernel_clone+0x97/0x3e0 pages=4 vmalloc N0=4
0x000000003ca1c336-0x00000000ff449220    8192 acpi_os_map_iomem+0x1a6/0x1c0 phys=0x00000000c7ebf000 ioremap
0x00000000ff449220-0x000000008252cbe7    8192 bpf_prog_alloc_no_stats+0x2e/0x120 pages=1 vmalloc N0=1
0x000000008252cbe7-0x0000000065819553    8192 bpf_prog_alloc_no_stats+0x2e/0x120 pages=1 vmalloc N0=1
0x0000000065819553-0x00000000fc9c228d    8192 bpf_prog_alloc_no_stats+0x2e/0x120 pages=1 vmalloc N0=1
0x00000000fc9c228d-0x00000000c52e7a57    8192 acpi_os_map_iomem+0x1a6/0x1c0 phys=0x00000000fe00d000 ioremap
0x000000001412a198-0x00000000f6645b95   20480 kernel_clone+0x97/0x3e0 pages=4 vmalloc N0=4
0x00000000f6645b95-0x00000000ed23aa7a    8192 acpi_os_map_iomem+0x1a6/0x1c0 phys=0x00000000f8000000 ioremap
0x00000000962516c5-0x00000000ebdfd561   20480 kernel_clone+0x97/0x3e0 pages=4 vmalloc N0=4
0x00000000ebdfd561-0x0000000080d3ffa5    8192 acpi_os_map_iomem+0x1a6/0x1c0 phys=0x00000000cd379000 ioremap
0x00000000b5de7b97-0x00000000aff4a9a2   20480 kernel_clone+0x97/0x3e0 pages=4 vmalloc N0=4
0x00000000aff4a9a2-0x0000000026494318    8192 acpi_os_map_iomem+0x1a6/0x1c0 phys=0x00000000cd368000 ioremap
0x000000001d161a96-0x00000000ccc85182   20480 kernel_clone+0x97/0x3e0 pages=4 vmalloc N0=4
0x00000000ccc85182-0x000000004a788d33    8192 acpi_os_map_iomem+0x1a6/0x1c0 phys=0x00000000cd378000 ioremap
0x00000000a5fde519-0x00000000b9bbfdc9   20480 kernel_clone+0x97/0x3e0 pages=4 vmalloc N0=4
0x00000000b9bbfdc9-0x00000000e116f82c    8192 __pci_enable_msix_range.part.0+0x23c/0x5f0 phys=0x00000000fd3fe000 ioremap
0x00000000f4946c1a-0x000000002b754788   20480 kernel_clone+0x97/0x3e0 pages=4 vmalloc N0=4
0x000000002b754788-0x00000000c6e25649    8192 pcim_iomap+0x39/0x50 phys=0x00000000fd201000 ioremap
0x000000008fa473cb-0x00000000ca731e27   20480 kernel_clone+0x97/0x3e0 pages=4 vmalloc N0=4
0x00000000ca731e27-0x0000000016c89fba    8192 __devm_ioremap_resource+0x15f/0x180 phys=0x00000000fedc4000 ioremap
0x00000000207f2310-0x00000000c57ca88a   20480 kernel_clone+0x97/0x3e0 pages=4 vmalloc N0=4
0x00000000c57ca88a-0x0000000040bff658    8192 __pci_enable_msix_range.part.0+0x23c/0x5f0 phys=0x00000000fd4fe000 ioremap
0x000000002440221e-0x000000008723c07d   20480 kernel_clone+0x97/0x3e0 pages=4 vmalloc N0=4
0x000000008723c07d-0x00000000ff1e7b55    8192 pcim_iomap+0x39/0x50 phys=0x00000000fd200000 ioremap
0x00000000797e1767-0x000000002a0a4a80   20480 kernel_clone+0x97/0x3e0 pages=4 vmalloc N0=4
0x000000002a0a4a80-0x000000007f8f13e5    8192 __devm_ioremap_resource+0x15f/0x180 phys=0x00000000fedc5000 ioremap
0x000000007f8f13e5-0x000000002eee355b    8192 bpf_prog_alloc_no_stats+0x2e/0x120 pages=1 vmalloc N0=1
0x000000002eee355b-0x00000000ed0057cd   16384 n_tty_open+0x14/0xa0 pages=3 vmalloc N0=3
0x00000000ed0057cd-0x000000001664d425    8192 bpf_prog_alloc_no_stats+0x2e/0x120 pages=1 vmalloc N0=1
0x00000000be98271c-0x0000000022057cd6   20480 fork_idle+0x59/0xd9 pages=4 vmalloc N0=4
0x0000000022057cd6-0x00000000adf53941    8192 memremap+0xf0/0x1d0 phys=0x00000000c52f8000 ioremap
0x000000000a7539f4-0x00000000c1d53753   20480 fork_idle+0x59/0xd9 pages=4 vmalloc N0=4
0x00000000c1d53753-0x0000000083b1afe6    8192 memremap+0xf0/0x1d0 phys=0x00000000c914f000 ioremap
0x00000000559d011c-0x00000000cd1856e3   20480 fork_idle+0x59/0xd9 pages=4 vmalloc N0=4
0x00000000cd1856e3-0x000000005b04ebd8    8192 bpf_prog_alloc_no_stats+0x2e/0x120 pages=1 vmalloc N0=1
0x000000007f9b0223-0x000000009a6afeb7   20480 fork_idle+0x59/0xd9 pages=4 vmalloc N0=4
0x000000009a6afeb7-0x00000000ffc808dc   12288 pcpu_create_chunk+0x54/0x1c0 pages=2 vmalloc N0=2
0x00000000ffc808dc-0x00000000e8ea019b   20480 fork_idle+0x59/0xd9 pages=4 vmalloc N0=4
0x00000000e8ea019b-0x000000006572c3d2   12288 pcpu_populate_chunk+0x252/0x360 pages=2 vmalloc N0=2
0x000000006572c3d2-0x000000008b49f533   20480 fork_idle+0x59/0xd9 pages=4 vmalloc N0=4
0x000000008b49f533-0x0000000094c8eb75   12288 pcpu_create_chunk+0x54/0x1c0 pages=2 vmalloc N0=2
0x0000000094c8eb75-0x0000000067057d8e   20480 fork_idle+0x59/0xd9 pages=4 vmalloc N0=4
0x0000000067057d8e-0x000000003b98233e    8192 bpf_prog_alloc_no_stats+0x2e/0x120 pages=1 vmalloc N0=1
0x0000000076a85970-0x000000004906ddfb   20480 fork_idle+0x59/0xd9 pages=4 vmalloc N0=4
0x000000004906ddfb-0x00000000673e831f    8192 bpf_prog_alloc_no_stats+0x2e/0x120 pages=1 vmalloc N0=1
0x00000000a9732ed9-0x00000000a4edefb3   20480 fork_idle+0x59/0xd9 pages=4 vmalloc N0=4
0x00000000a4edefb3-0x0000000077c412f5   12288 bpf_prog_alloc_no_stats+0x2e/0x120 pages=2 vmalloc N0=2
0x0000000077c412f5-0x0000000046ecbac4   20480 fork_idle+0x59/0xd9 pages=4 vmalloc N0=4
0x0000000046ecbac4-0x00000000fe966fec    8192 bpf_prog_alloc_no_stats+0x2e/0x120 pages=1 vmalloc N0=1
0x000000009627d66f-0x000000001311e447   20480 fork_idle+0x59/0xd9 pages=4 vmalloc N0=4
0x000000001311e447-0x00000000031d2ef3    8192 bpf_prog_alloc_no_stats+0x2e/0x120 pages=1 vmalloc N0=1
0x00000000cf742fa0-0x00000000a38cdf8d   20480 fork_idle+0x59/0xd9 pages=4 vmalloc N0=4
0x00000000a38cdf8d-0x00000000215c7f15    8192 bpf_prog_alloc_no_stats+0x2e/0x120 pages=1 vmalloc N0=1
0x000000008a46316a-0x00000000181dfb14   20480 fork_idle+0x59/0xd9 pages=4 vmalloc N0=4
0x00000000181dfb14-0x00000000ed0cb68b    8192 bpf_prog_alloc_no_stats+0x2e/0x120 pages=1 vmalloc N0=1
0x0000000018c763e0-0x000000005536686c   20480 fork_idle+0x59/0xd9 pages=4 vmalloc N0=4
0x000000005536686c-0x000000004e1235de    8192 bpf_prog_alloc_no_stats+0x2e/0x120 pages=1 vmalloc N0=1
0x00000000fd547f38-0x00000000e2e0ad0b   20480 fork_idle+0x59/0xd9 pages=4 vmalloc N0=4
0x00000000e2e0ad0b-0x0000000004326df4    8192 bpf_prog_alloc_no_stats+0x2e/0x120 pages=1 vmalloc N0=1
0x0000000085434d58-0x00000000bc37144f   20480 kernel_clone+0x97/0x3e0 pages=4 vmalloc N0=4
0x00000000bc37144f-0x00000000b4aa349c    8192 bpf_prog_alloc_no_stats+0x2e/0x120 pages=1 vmalloc N0=1
0x0000000064504a60-0x00000000a02212ac   20480 kernel_clone+0x97/0x3e0 pages=4 vmalloc N0=4
0x00000000a02212ac-0x00000000f39cdf1e    8192 bpf_prog_alloc_no_stats+0x2e/0x120 pages=1 vmalloc N0=1
0x00000000c7d69a9a-0x00000000b221cb62   20480 kernel_clone+0x97/0x3e0 pages=4 vmalloc N0=4
0x00000000b221cb62-0x0000000056255c4b    8192 bpf_prog_alloc_no_stats+0x2e/0x120 pages=1 vmalloc N0=1
0x000000008123b3c1-0x0000000015ac43e5   20480 kernel_clone+0x97/0x3e0 pages=4 vmalloc N0=4
0x0000000015ac43e5-0x00000000c26d0a44    8192 bpf_prog_alloc_no_stats+0x2e/0x120 pages=1 vmalloc N0=1
0x0000000022029c3f-0x000000000cf6caaa   20480 kernel_clone+0x97/0x3e0 pages=4 vmalloc N0=4
0x000000000cf6caaa-0x00000000c4cd588b    8192 bpf_prog_alloc_no_stats+0x2e/0x120 pages=1 vmalloc N0=1
0x000000000c53e751-0x0000000092936405   20480 kernel_clone+0x97/0x3e0 pages=4 vmalloc N0=4
0x0000000092936405-0x00000000b17fc458    8192 bpf_prog_alloc_no_stats+0x2e/0x120 pages=1 vmalloc N0=1
0x00000000b17fc458-0x0000000047cc6193    8192 bpf_prog_alloc_no_stats+0x2e/0x120 pages=1 vmalloc N0=1
0x0000000047cc6193-0x00000000f3d1adcd    8192 bpf_prog_alloc_no_stats+0x2e/0x120 pages=1 vmalloc N0=1
0x00000000f3d1adcd-0x00000000fdb5592f    8192 bpf_prog_alloc_no_stats+0x2e/0x120 pages=1 vmalloc N0=1
0x00000000fdb5592f-0x000000009da00a64    8192 bpf_prog_alloc_no_stats+0x2e/0x120 pages=1 vmalloc N0=1
0x00000000bbd92113-0x00000000ed02ae6f   20480 kernel_clone+0x97/0x3e0 pages=4 vmalloc N0=4
0x00000000ed02ae6f-0x00000000a6441b3d   20480 irq_init_percpu_irqstack+0xcb/0x100 vmap
0x00000000a6441b3d-0x0000000000d70c21    8192 bpf_prog_alloc_no_stats+0x2e/0x120 pages=1 vmalloc N0=1
0x0000000000d70c21-0x000000008cf9873f   20480 kernel_clone+0x97/0x3e0 pages=4 vmalloc N0=4
0x000000008cf9873f-0x000000006a26f155    8192 bpf_prog_alloc_no_stats+0x2e/0x120 pages=1 vmalloc N0=1
0x00000000d46fff76-0x00000000f8dd83ed   20480 kernel_clone+0x97/0x3e0 pages=4 vmalloc N0=4
0x00000000f8dd83ed-0x000000006778680e    8192 bpf_prog_alloc_no_stats+0x2e/0x120 pages=1 vmalloc N0=1
0x00000000be8b1684-0x000000005e2be24d   20480 kernel_clone+0x97/0x3e0 pages=4 vmalloc N0=4
0x000000005e2be24d-0x00000000a7d6d01f    8192 bpf_prog_alloc_no_stats+0x2e/0x120 pages=1 vmalloc N0=1
0x00000000758e2871-0x000000006c731068   20480 kernel_clone+0x97/0x3e0 pages=4 vmalloc N0=4
0x000000006c731068-0x00000000447dc994    8192 bpf_prog_alloc_no_stats+0x2e/0x120 pages=1 vmalloc N0=1
0x00000000884dff1c-0x00000000d97f69a0   20480 kernel_clone+0x97/0x3e0 pages=4 vmalloc N0=4
0x00000000d97f69a0-0x000000007af76f52    8192 bpf_prog_alloc_no_stats+0x2e/0x120 pages=1 vmalloc N0=1
0x000000007af76f52-0x00000000177292cf   16384 n_tty_open+0x14/0xa0 pages=3 vmalloc N0=3
0x00000000177292cf-0x000000000e0647ef    8192 bpf_prog_alloc_no_stats+0x2e/0x120 pages=1 vmalloc N0=1
0x000000000e0647ef-0x000000000e2da668    8192 bpf_prog_alloc_no_stats+0x2e/0x120 pages=1 vmalloc N0=1
0x00000000feb6a53b-0x00000000fc6673f6   20480 kernel_clone+0x97/0x3e0 pages=4 vmalloc N0=4
0x00000000fc6673f6-0x00000000d3e0950c   20480 irq_init_percpu_irqstack+0xcb/0x100 vmap
0x00000000d3e0950c-0x00000000c9dba02a    8192 bpf_prog_alloc_no_stats+0x2e/0x120 pages=1 vmalloc N0=1
0x00000000c9dba02a-0x000000001db1fcbc   20480 kernel_clone+0x97/0x3e0 pages=4 vmalloc N0=4
0x000000001db1fcbc-0x000000002183f42f    8192 bpf_prog_alloc_no_stats+0x2e/0x120 pages=1 vmalloc N0=1
0x00000000477df7ee-0x0000000012d07a6d   20480 kernel_clone+0x97/0x3e0 pages=4 vmalloc N0=4
0x0000000012d07a6d-0x00000000e097df46    8192 bpf_prog_alloc_no_stats+0x2e/0x120 pages=1 vmalloc N0=1
0x000000007229632e-0x00000000fab2ba3d   20480 kernel_clone+0x97/0x3e0 pages=4 vmalloc N0=4
0x00000000fab2ba3d-0x0000000047b34152    8192 bpf_prog_alloc_no_stats+0x2e/0x120 pages=1 vmalloc N0=1
0x000000007ac27682-0x00000000554b018c   20480 kernel_clone+0x97/0x3e0 pages=4 vmalloc N0=4
0x00000000554b018c-0x00000000c2b84628    8192 bpf_prog_alloc_no_stats+0x2e/0x120 pages=1 vmalloc N0=1
0x00000000fc7a3fd7-0x00000000fecc30e4   20480 kernel_clone+0x97/0x3e0 pages=4 vmalloc N0=4
0x00000000fecc30e4-0x00000000fcdba26c    8192 bpf_prog_alloc_no_stats+0x2e/0x120 pages=1 vmalloc N0=1
0x00000000fcdba26c-0x0000000054b9600c   12288 bpf_prog_alloc_no_stats+0x2e/0x120 pages=2 vmalloc N0=2
0x0000000054b9600c-0x0000000045601f15   12288 bpf_prog_alloc_no_stats+0x2e/0x120 pages=2 vmalloc N0=2
0x0000000045601f15-0x00000000e622b072    8192 bpf_prog_alloc_no_stats+0x2e/0x120 pages=1 vmalloc N0=1
0x00000000ef55573c-0x00000000be8e90c1   20480 kernel_clone+0x97/0x3e0 pages=4 vmalloc N0=4
0x00000000be8e90c1-0x0000000082c5e055   20480 irq_init_percpu_irqstack+0xcb/0x100 vmap
0x0000000082c5e055-0x000000003d0d6922    8192 bpf_prog_alloc_no_stats+0x2e/0x120 pages=1 vmalloc N0=1
0x000000003d0d6922-0x00000000ea591c73   20480 kernel_clone+0x97/0x3e0 pages=4 vmalloc N0=4
0x00000000ea591c73-0x00000000ede2f73f    8192 bpf_prog_alloc_no_stats+0x2e/0x120 pages=1 vmalloc N0=1
0x0000000054799381-0x0000000003c1d86d   20480 kernel_clone+0x97/0x3e0 pages=4 vmalloc N0=4
0x0000000003c1d86d-0x000000007d14084f    8192 bpf_prog_alloc_no_stats+0x2e/0x120 pages=1 vmalloc N0=1
0x00000000ee87da5f-0x00000000acb84ea2   20480 kernel_clone+0x97/0x3e0 pages=4 vmalloc N0=4
0x00000000acb84ea2-0x000000002c5d365e    8192 bpf_prog_alloc_no_stats+0x2e/0x120 pages=1 vmalloc N0=1
0x00000000308c87ef-0x000000001f4be04a   20480 kernel_clone+0x97/0x3e0 pages=4 vmalloc N0=4
0x000000001f4be04a-0x000000000078f4d7    8192 bpf_prog_alloc_no_stats+0x2e/0x120 pages=1 vmalloc N0=1
0x000000003811615d-0x00000000bf0dfa59   20480 kernel_clone+0x97/0x3e0 pages=4 vmalloc N0=4
0x00000000bf0dfa59-0x000000002ab0ec22    8192 bpf_prog_alloc_no_stats+0x2e/0x120 pages=1 vmalloc N0=1
0x000000002ab0ec22-0x00000000f228c093   12288 bpf_prog_alloc_no_stats+0x2e/0x120 pages=2 vmalloc N0=2
0x00000000f228c093-0x0000000045e30b90   12288 bpf_prog_alloc_no_stats+0x2e/0x120 pages=2 vmalloc N0=2
0x0000000045e30b90-0x000000009a212db4    8192 bpf_prog_alloc_no_stats+0x2e/0x120 pages=1 vmalloc N0=1
0x00000000f8cbcac2-0x000000007dcd26ce   20480 kernel_clone+0x97/0x3e0 pages=4 vmalloc N0=4
0x000000007dcd26ce-0x000000003d0af1cd   20480 irq_init_percpu_irqstack+0xcb/0x100 vmap
0x000000003d0af1cd-0x0000000061e39dab    8192 bpf_prog_alloc_no_stats+0x2e/0x120 pages=1 vmalloc N0=1
0x0000000061e39dab-0x0000000056a9ffc2   20480 kernel_clone+0x97/0x3e0 pages=4 vmalloc N0=4
0x0000000056a9ffc2-0x0000000015a75c2b    8192 bpf_prog_alloc_no_stats+0x2e/0x120 pages=1 vmalloc N0=1
0x000000008f02d1c1-0x0000000005899d2e   20480 kernel_clone+0x97/0x3e0 pages=4 vmalloc N0=4
0x0000000005899d2e-0x00000000a3d89152    8192 bpf_prog_alloc_no_stats+0x2e/0x120 pages=1 vmalloc N0=1
0x000000001ef9dfff-0x000000008f3912ef   20480 kernel_clone+0x97/0x3e0 pages=4 vmalloc N0=4
0x000000008f3912ef-0x00000000ad7183df    8192 bpf_prog_alloc_no_stats+0x2e/0x120 pages=1 vmalloc N0=1
0x00000000b9c5f415-0x00000000743af3a9   20480 kernel_clone+0x97/0x3e0 pages=4 vmalloc N0=4
0x00000000743af3a9-0x0000000062939a2b    8192 bpf_prog_alloc_no_stats+0x2e/0x120 pages=1 vmalloc N0=1
0x00000000398e5ad6-0x000000009d717372   20480 kernel_clone+0x97/0x3e0 pages=4 vmalloc N0=4
0x000000009d717372-0x000000008c1930c1    8192 bpf_prog_alloc_no_stats+0x2e/0x120 pages=1 vmalloc N0=1
0x000000008c1930c1-0x00000000ca3c09a7    8192 bpf_prog_alloc_no_stats+0x2e/0x120 pages=1 vmalloc N0=1
0x00000000ca3c09a7-0x00000000d9a79877   12288 bpf_prog_alloc_no_stats+0x2e/0x120 pages=2 vmalloc N0=2
0x000000008ec6776c-0x0000000035402b1a    8192 bpf_prog_alloc_no_stats+0x2e/0x120 pages=1 vmalloc N0=1
0x000000008365bc44-0x00000000609268b7   20480 kernel_clone+0x97/0x3e0 pages=4 vmalloc N0=4
0x00000000609268b7-0x000000001ac3fb85   20480 irq_init_percpu_irqstack+0xcb/0x100 vmap
0x000000001ac3fb85-0x00000000f95058ba    8192 bpf_prog_alloc_no_stats+0x2e/0x120 pages=1 vmalloc N0=1
0x00000000f95058ba-0x000000007ada7a1f   20480 kernel_clone+0x97/0x3e0 pages=4 vmalloc N0=4
0x000000007ada7a1f-0x00000000de6652d9    8192 devm_ioremap+0x3e/0x80 phys=0x00000000fed81000 ioremap
0x00000000c9075150-0x000000002443fc82   20480 kernel_clone+0x97/0x3e0 pages=4 vmalloc N0=4
0x000000002443fc82-0x000000005af29e2b    8192 __pci_enable_msix_range.part.0+0x23c/0x5f0 phys=0x00000000fd6cc000 ioremap
0x000000001a5bedba-0x00000000c577579b   20480 kernel_clone+0x97/0x3e0 pages=4 vmalloc N0=4
0x00000000c577579b-0x00000000e9c7aa1e    8192 devm_ioremap+0x3e/0x80 phys=0x00000000feb00000 ioremap
0x000000003211866a-0x000000003b05f32f   20480 kernel_clone+0x97/0x3e0 pages=4 vmalloc N0=4
0x000000003b05f32f-0x000000004a427c55    8192 __devm_ioremap_resource+0x15f/0x180 phys=0x00000000fde10000 ioremap
0x000000006eadbf9c-0x00000000970fd94f   20480 kernel_clone+0x97/0x3e0 pages=4 vmalloc N0=4
0x00000000970fd94f-0x000000008bceba31    8192 bpf_prog_alloc_no_stats+0x2e/0x120 pages=1 vmalloc N0=1
0x000000008bceba31-0x0000000058f3ef36   12288 bpf_prog_alloc_no_stats+0x2e/0x120 pages=2 vmalloc N0=2
0x0000000058f3ef36-0x0000000081e4d13d   12288 bpf_prog_alloc_no_stats+0x2e/0x120 pages=2 vmalloc N0=2
0x0000000081e4d13d-0x00000000f60624c1    8192 ath10k_coredump_create+0x20/0x40 [ath10k_core] pages=1 vmalloc N0=1
0x00000000af84e63b-0x00000000397a0c2f   20480 kernel_clone+0x97/0x3e0 pages=4 vmalloc N0=4
0x00000000397a0c2f-0x000000004f708079   20480 irq_init_percpu_irqstack+0xcb/0x100 vmap
0x000000004f708079-0x00000000c9383c33    8192 bpf_prog_alloc_no_stats+0x2e/0x120 pages=1 vmalloc N0=1
0x00000000c9383c33-0x00000000ded5ba81   20480 kernel_clone+0x97/0x3e0 pages=4 vmalloc N0=4
0x00000000ded5ba81-0x0000000008bee20b   12288 ttm_bo_kmap+0x175/0x250 [ttm]
0x0000000008bee20b-0x0000000099c4a215   20480 kernel_clone+0x97/0x3e0 pages=4 vmalloc N0=4
0x0000000099c4a215-0x00000000d848e84c    8192 __pci_enable_msix_range.part.0+0x23c/0x5f0 phys=0x00000000fd642000 ioremap
0x00000000a02d3148-0x000000007b1b80f5   20480 kernel_clone+0x97/0x3e0 pages=4 vmalloc N0=4
0x000000007b1b80f5-0x0000000029c09cf7   12288 ttm_bo_kmap+0x175/0x250 [ttm]
0x0000000029c09cf7-0x00000000e19e9838   20480 kernel_clone+0x97/0x3e0 pages=4 vmalloc N0=4
0x00000000e19e9838-0x00000000e4ed6546   12288 ttm_bo_kmap+0x175/0x250 [ttm]
0x00000000e4ed6546-0x0000000065463861   20480 kernel_clone+0x97/0x3e0 pages=4 vmalloc N0=4
0x0000000065463861-0x00000000d3dfcb85   12288 ttm_bo_kmap+0x175/0x250 [ttm]
0x00000000d3dfcb85-0x00000000101d2c51   16384 n_tty_open+0x14/0xa0 pages=3 vmalloc N0=3
0x000000002ee933f0-0x00000000c40024dc   12288 ttm_bo_kmap+0x175/0x250 [ttm]
0x00000000c40024dc-0x00000000ab185378   20480 kernel_clone+0x97/0x3e0 pages=4 vmalloc N0=4
0x00000000ab185378-0x000000009c3d4dcc   20480 irq_init_percpu_irqstack+0xcb/0x100 vmap
0x000000009c3d4dcc-0x00000000daffd033    8192 load_microcode_amd+0x88/0x360 pages=1 vmalloc N0=1
0x00000000daffd033-0x00000000f6fa814b   20480 kernel_clone+0x97/0x3e0 pages=4 vmalloc N0=4
0x00000000f6fa814b-0x00000000cae42544   12288 ttm_bo_kmap+0x175/0x250 [ttm]
0x00000000cae42544-0x00000000adf93699   20480 kernel_clone+0x97/0x3e0 pages=4 vmalloc N0=4
0x00000000adf93699-0x000000009db25219   12288 ttm_bo_kmap+0x175/0x250 [ttm]
0x000000009db25219-0x0000000079556856   20480 kernel_clone+0x97/0x3e0 pages=4 vmalloc N0=4
0x0000000079556856-0x000000007323626f   12288 ttm_bo_kmap+0x175/0x250 [ttm]
0x000000007323626f-0x00000000dfc8c11f   20480 kernel_clone+0x97/0x3e0 pages=4 vmalloc N0=4
0x00000000dfc8c11f-0x00000000564d97a6   12288 ttm_bo_kmap+0x175/0x250 [ttm]
0x00000000564d97a6-0x00000000077e3dbe   20480 kernel_clone+0x97/0x3e0 pages=4 vmalloc N0=4
0x00000000077e3dbe-0x00000000063c2222   12288 ttm_bo_kmap+0x175/0x250 [ttm]
0x00000000063c2222-0x00000000b4c49e21   16384 n_tty_open+0x14/0xa0 pages=3 vmalloc N0=3
0x00000000a39baf37-0x00000000369a2792   12288 ttm_bo_kmap+0x175/0x250 [ttm]
0x00000000369a2792-0x00000000ec21f95e   20480 kernel_clone+0x97/0x3e0 pages=4 vmalloc N0=4
0x00000000ec21f95e-0x00000000e82bd243   20480 irq_init_percpu_irqstack+0xcb/0x100 vmap
0x00000000e82bd243-0x000000005cc4c7a8    8192 bpf_prog_alloc_no_stats+0x2e/0x120 pages=1 vmalloc N0=1
0x000000005cc4c7a8-0x000000006b567ce0   20480 kernel_clone+0x97/0x3e0 pages=4 vmalloc N0=4
0x000000006b567ce0-0x000000001c4e39ee   12288 ttm_bo_kmap+0x175/0x250 [ttm]
0x000000001c4e39ee-0x00000000badf0caa   20480 kernel_clone+0x97/0x3e0 pages=4 vmalloc N0=4
0x00000000badf0caa-0x00000000812575c3    8192 bpf_prog_alloc_no_stats+0x2e/0x120 pages=1 vmalloc N0=1
0x0000000063d53339-0x00000000bfc1a500   20480 kernel_clone+0x97/0x3e0 pages=4 vmalloc N0=4
0x00000000bfc1a500-0x000000001be03255    8192 bpf_prog_alloc_no_stats+0x2e/0x120 pages=1 vmalloc N0=1
0x00000000ce6dd545-0x00000000315701b1   20480 kernel_clone+0x97/0x3e0 pages=4 vmalloc N0=4
0x00000000315701b1-0x00000000e0148ad0    8192 bpf_prog_alloc_no_stats+0x2e/0x120 pages=1 vmalloc N0=1
0x0000000002e9315f-0x00000000564366be   20480 kernel_clone+0x97/0x3e0 pages=4 vmalloc N0=4
0x00000000564366be-0x00000000b44a76aa    8192 bpf_prog_alloc_no_stats+0x2e/0x120 pages=1 vmalloc N0=1
0x00000000b44a76aa-0x00000000d5505b76    8192 __pci_enable_msix_range.part.0+0x23c/0x5f0 phys=0x00000000fd702000 ioremap
0x00000000d5505b76-0x00000000587d9161   12288 bpf_prog_alloc_no_stats+0x2e/0x120 pages=2 vmalloc N0=2
0x0000000006ef02d0-0x00000000a7934150    8192 bpf_prog_alloc_no_stats+0x2e/0x120 pages=1 vmalloc N0=1
0x000000005c395e4e-0x0000000073c4d027   20480 kernel_clone+0x97/0x3e0 pages=4 vmalloc N0=4
0x0000000073c4d027-0x000000009eb8cc1d   20480 irq_init_percpu_irqstack+0xcb/0x100 vmap
0x000000009eb8cc1d-0x000000003177ec1c    8192 bpf_prog_alloc_no_stats+0x2e/0x120 pages=1 vmalloc N0=1
0x000000003177ec1c-0x00000000a34953f5   20480 kernel_clone+0x97/0x3e0 pages=4 vmalloc N0=4
0x00000000a34953f5-0x00000000b7c7088a    8192 bpf_prog_alloc_no_stats+0x2e/0x120 pages=1 vmalloc N0=1
0x000000009fcb1cff-0x000000006990bb7d   20480 kernel_clone+0x97/0x3e0 pages=4 vmalloc N0=4
0x000000006990bb7d-0x00000000bc8049e7    8192 bpf_prog_alloc_no_stats+0x2e/0x120 pages=1 vmalloc N0=1
0x00000000874ffaec-0x000000009a56477b   20480 kernel_clone+0x97/0x3e0 pages=4 vmalloc N0=4
0x000000009a56477b-0x000000009f556064    8192 bpf_prog_alloc_no_stats+0x2e/0x120 pages=1 vmalloc N0=1
0x00000000853970c6-0x00000000fc4f4367   20480 kernel_clone+0x97/0x3e0 pages=4 vmalloc N0=4
0x00000000fc4f4367-0x00000000cb7715ed    8192 bpf_prog_alloc_no_stats+0x2e/0x120 pages=1 vmalloc N0=1
0x000000001a282cc8-0x00000000fe03b54f   20480 kernel_clone+0x97/0x3e0 pages=4 vmalloc N0=4
0x00000000fe03b54f-0x0000000064a7d7d4    8192 bpf_prog_alloc_no_stats+0x2e/0x120 pages=1 vmalloc N0=1
0x0000000064a7d7d4-0x00000000f52c08bc   12288 bpf_prog_alloc_no_stats+0x2e/0x120 pages=2 vmalloc N0=2
0x00000000f52c08bc-0x000000009e066ed4   12288 bpf_prog_alloc_no_stats+0x2e/0x120 pages=2 vmalloc N0=2
0x000000009e066ed4-0x0000000023a5c517    8192 bpf_prog_alloc_no_stats+0x2e/0x120 pages=1 vmalloc N0=1
0x00000000a2f29d30-0x00000000cd0990ad   20480 kernel_clone+0x97/0x3e0 pages=4 vmalloc N0=4
0x00000000cd0990ad-0x00000000dde6f11e   20480 irq_init_percpu_irqstack+0xcb/0x100 vmap
0x00000000dde6f11e-0x00000000e41a0071    8192 bpf_prog_alloc_no_stats+0x2e/0x120 pages=1 vmalloc N0=1
0x00000000e41a0071-0x00000000247ceb35   20480 kernel_clone+0x97/0x3e0 pages=4 vmalloc N0=4
0x00000000247ceb35-0x00000000741bd069    8192 bpf_prog_alloc_no_stats+0x2e/0x120 pages=1 vmalloc N0=1
0x00000000dc50b061-0x000000004a184b0e   20480 kernel_clone+0x97/0x3e0 pages=4 vmalloc N0=4
0x000000004a184b0e-0x000000002f2c6cc2    8192 bpf_prog_alloc_no_stats+0x2e/0x120 pages=1 vmalloc N0=1
0x00000000390e113a-0x00000000b2a8f4a1   20480 kernel_clone+0x97/0x3e0 pages=4 vmalloc N0=4
0x00000000b2a8f4a1-0x00000000c60fc159    8192 bpf_prog_alloc_no_stats+0x2e/0x120 pages=1 vmalloc N0=1
0x0000000084b5e5e5-0x000000004894e03e   20480 kernel_clone+0x97/0x3e0 pages=4 vmalloc N0=4
0x000000004894e03e-0x0000000034a46b39    8192 bpf_prog_alloc_no_stats+0x2e/0x120 pages=1 vmalloc N0=1
0x0000000085da03d8-0x00000000b68099c3   20480 kernel_clone+0x97/0x3e0 pages=4 vmalloc N0=4
0x00000000b68099c3-0x000000002f881f43    8192 bpf_prog_alloc_no_stats+0x2e/0x120 pages=1 vmalloc N0=1
0x000000002f881f43-0x00000000a9646561   12288 bpf_prog_alloc_no_stats+0x2e/0x120 pages=2 vmalloc N0=2
0x00000000a9646561-0x00000000b44ec9d8   12288 bpf_prog_alloc_no_stats+0x2e/0x120 pages=2 vmalloc N0=2
0x00000000b44ec9d8-0x00000000d48ec090    8192 bpf_prog_alloc_no_stats+0x2e/0x120 pages=1 vmalloc N0=1
0x0000000038cba3d1-0x0000000087a9533c   20480 kernel_clone+0x97/0x3e0 pages=4 vmalloc N0=4
0x0000000087a9533c-0x0000000066affc6f   20480 irq_init_percpu_irqstack+0xcb/0x100 vmap
0x0000000066affc6f-0x00000000b2a97927    8192 bpf_prog_alloc_no_stats+0x2e/0x120 pages=1 vmalloc N0=1
0x00000000b2a97927-0x000000006b30f199   20480 kernel_clone+0x97/0x3e0 pages=4 vmalloc N0=4
0x000000006b30f199-0x000000009f8f907f    8192 bpf_prog_alloc_no_stats+0x2e/0x120 pages=1 vmalloc N0=1
0x000000008170e9c2-0x000000006c250156   20480 kernel_clone+0x97/0x3e0 pages=4 vmalloc N0=4
0x000000006c250156-0x000000005c641ab3    8192 bpf_prog_alloc_no_stats+0x2e/0x120 pages=1 vmalloc N0=1
0x0000000045bfad47-0x0000000008323bd8   20480 kernel_clone+0x97/0x3e0 pages=4 vmalloc N0=4
0x0000000008323bd8-0x0000000092d79335    8192 bpf_prog_alloc_no_stats+0x2e/0x120 pages=1 vmalloc N0=1
0x0000000092d79335-0x00000000d2dd130b   12288 bpf_prog_alloc_no_stats+0x2e/0x120 pages=2 vmalloc N0=2
0x00000000d2dd130b-0x000000004c59b645   12288 bpf_prog_alloc_no_stats+0x2e/0x120 pages=2 vmalloc N0=2
0x000000004c59b645-0x00000000af3073cf    8192 bpf_prog_alloc_no_stats+0x2e/0x120 pages=1 vmalloc N0=1
0x00000000af3073cf-0x0000000043dec9da   12288 bpf_prog_alloc_no_stats+0x2e/0x120 pages=2 vmalloc N0=2
0x0000000043dec9da-0x00000000903da98f   12288 bpf_prog_alloc_no_stats+0x2e/0x120 pages=2 vmalloc N0=2
0x00000000903da98f-0x0000000037e268c4    8192 bpf_prog_alloc_no_stats+0x2e/0x120 pages=1 vmalloc N0=1
0x0000000037e268c4-0x000000008696f41d    8192 acpi_os_map_iomem+0x1a6/0x1c0 phys=0x00000000fd600000 ioremap
0x00000000a0078f81-0x00000000fdb76fe0   12288 bpf_prog_alloc_no_stats+0x2e/0x120 pages=2 vmalloc N0=2
0x00000000fdb76fe0-0x00000000ea7dc785    8192 bpf_prog_alloc_no_stats+0x2e/0x120 pages=1 vmalloc N0=1
0x00000000db3e9d88-0x00000000d8355129   20480 kernel_clone+0x97/0x3e0 pages=4 vmalloc N0=4
0x00000000d8355129-0x0000000061c8e4e9    8192 bpf_prog_alloc_no_stats+0x2e/0x120 pages=1 vmalloc N0=1
0x00000000241f6670-0x000000007bba88d8   20480 kernel_clone+0x97/0x3e0 pages=4 vmalloc N0=4
0x000000007bba88d8-0x00000000d9f9d329    8192 bpf_prog_alloc_no_stats+0x2e/0x120 pages=1 vmalloc N0=1
0x0000000090f1fda4-0x0000000099559a75   20480 kernel_clone+0x97/0x3e0 pages=4 vmalloc N0=4
0x0000000099559a75-0x000000009efc550d    8192 bpf_prog_alloc_no_stats+0x2e/0x120 pages=1 vmalloc N0=1
0x00000000ce8083cb-0x000000008d442cd3   20480 kernel_clone+0x97/0x3e0 pages=4 vmalloc N0=4
0x000000008d442cd3-0x00000000b9ed52c6    8192 bpf_prog_alloc_no_stats+0x2e/0x120 pages=1 vmalloc N0=1
0x0000000041062497-0x00000000180112c2   20480 kernel_clone+0x97/0x3e0 pages=4 vmalloc N0=4
0x00000000180112c2-0x00000000ea13dce1    8192 bpf_prog_alloc_no_stats+0x2e/0x120 pages=1 vmalloc N0=1
0x0000000095c3fc04-0x000000000cc55f80   20480 kernel_clone+0x97/0x3e0 pages=4 vmalloc N0=4
0x000000000cc55f80-0x0000000009001a70    8192 bpf_prog_alloc_no_stats+0x2e/0x120 pages=1 vmalloc N0=1
0x000000008ca0e68e-0x00000000b1894f21   20480 kernel_clone+0x97/0x3e0 pages=4 vmalloc N0=4
0x00000000b1894f21-0x00000000d78dee29    8192 bpf_prog_alloc_no_stats+0x2e/0x120 pages=1 vmalloc N0=1
0x0000000091860042-0x0000000095c9f24e   20480 kernel_clone+0x97/0x3e0 pages=4 vmalloc N0=4
0x0000000095c9f24e-0x0000000047050bb6    8192 bpf_prog_alloc_no_stats+0x2e/0x120 pages=1 vmalloc N0=1
0x0000000075a0f76b-0x0000000036b4320f   20480 kernel_clone+0x97/0x3e0 pages=4 vmalloc N0=4
0x0000000036b4320f-0x00000000ab36b006    8192 bpf_prog_alloc_no_stats+0x2e/0x120 pages=1 vmalloc N0=1
0x00000000f52c8e2e-0x00000000880f26a8   20480 kernel_clone+0x97/0x3e0 pages=4 vmalloc N0=4
0x00000000880f26a8-0x00000000f6b02455    8192 bpf_prog_alloc_no_stats+0x2e/0x120 pages=1 vmalloc N0=1
0x00000000f6b02455-0x00000000da114cbc   12288 bpf_prog_alloc_no_stats+0x2e/0x120 pages=2 vmalloc N0=2
0x00000000da114cbc-0x000000006edae7b9   12288 pcpu_create_chunk+0x54/0x1c0 pages=2 vmalloc N0=2
0x000000006edae7b9-0x00000000a7cbfae1    8192 bpf_prog_alloc_no_stats+0x2e/0x120 pages=1 vmalloc N0=1
0x0000000065515062-0x0000000091c9a116   20480 kernel_clone+0x97/0x3e0 pages=4 vmalloc N0=4
0x0000000091c9a116-0x0000000081fc6d63    8192 bpf_prog_alloc_no_stats+0x2e/0x120 pages=1 vmalloc N0=1
0x0000000081fc6d63-0x00000000afa15b3e   12288 bpf_prog_alloc_no_stats+0x2e/0x120 pages=2 vmalloc N0=2
0x00000000afa15b3e-0x000000004dc3bcba   12288 bpf_prog_alloc_no_stats+0x2e/0x120 pages=2 vmalloc N0=2
0x000000004dc3bcba-0x00000000c44bfe2b    8192 bpf_prog_alloc_no_stats+0x2e/0x120 pages=1 vmalloc N0=1
0x00000000c44bfe2b-0x00000000a84904db   12288 bpf_prog_alloc_no_stats+0x2e/0x120 pages=2 vmalloc N0=2
0x00000000a84904db-0x00000000e6523e19    8192 bpf_prog_alloc_no_stats+0x2e/0x120 pages=1 vmalloc N0=1
0x00000000f7c92b0d-0x00000000c343bacc    8192 bpf_prog_alloc_no_stats+0x2e/0x120 pages=1 vmalloc N0=1
0x00000000c343bacc-0x000000005766bda6   16384 n_tty_open+0x14/0xa0 pages=3 vmalloc N0=3
0x000000005766bda6-0x00000000214bc73d    8192 bpf_prog_alloc_no_stats+0x2e/0x120 pages=1 vmalloc N0=1
0x00000000214bc73d-0x000000006e0e3bc3    8192 bpf_prog_alloc_no_stats+0x2e/0x120 pages=1 vmalloc N0=1
0x000000006e0e3bc3-0x00000000388e1a47   16384 n_tty_open+0x14/0xa0 pages=3 vmalloc N0=3
0x00000000388e1a47-0x000000000c4a99df    8192 bpf_prog_alloc_no_stats+0x2e/0x120 pages=1 vmalloc N0=1
0x000000000c4a99df-0x000000007206ec10    8192 bpf_prog_alloc_no_stats+0x2e/0x120 pages=1 vmalloc N0=1
0x000000008a437d9e-0x000000003bf049a8   20480 kernel_clone+0x97/0x3e0 pages=4 vmalloc N0=4
0x000000003bf049a8-0x000000005f1ec242    8192 bpf_prog_alloc_no_stats+0x2e/0x120 pages=1 vmalloc N0=1
0x00000000cf7ca686-0x00000000c732847c   20480 kernel_clone+0x97/0x3e0 pages=4 vmalloc N0=4
0x00000000c732847c-0x0000000006277def    8192 bpf_prog_alloc_no_stats+0x2e/0x120 pages=1 vmalloc N0=1
0x0000000049b5e87e-0x000000009abad610   20480 kernel_clone+0x97/0x3e0 pages=4 vmalloc N0=4
0x000000004e396c23-0x00000000d7759e55   12288 nvme_remap_bar+0x68/0xb0 phys=0x00000000fd700000 ioremap
0x00000000d7759e55-0x000000005dc28185    8192 bpf_prog_alloc_no_stats+0x2e/0x120 pages=1 vmalloc N0=1
0x000000005dc28185-0x00000000de59ee78   16384 n_tty_open+0x14/0xa0 pages=3 vmalloc N0=3
0x00000000de59ee78-0x00000000e250578f    8192 bpf_prog_alloc_no_stats+0x2e/0x120 pages=1 vmalloc N0=1
0x00000000e250578f-0x0000000017edf9c4    8192 bpf_prog_alloc_no_stats+0x2e/0x120 pages=1 vmalloc N0=1
0x0000000017edf9c4-0x00000000509e261f   12288 bpf_prog_alloc_no_stats+0x2e/0x120 pages=2 vmalloc N0=2
0x00000000509e261f-0x00000000680cebe5   12288 bpf_prog_alloc_no_stats+0x2e/0x120 pages=2 vmalloc N0=2
0x00000000680cebe5-0x000000005f811a50    8192 bpf_prog_alloc_no_stats+0x2e/0x120 pages=1 vmalloc N0=1
0x00000000f33d27fc-0x00000000d09ca0b5   20480 kernel_clone+0x97/0x3e0 pages=4 vmalloc N0=4
0x00000000d09ca0b5-0x00000000387e01be    8192 bpf_prog_alloc_no_stats+0x2e/0x120 pages=1 vmalloc N0=1
0x000000007b1df7ae-0x000000009c2a290f   20480 kernel_clone+0x97/0x3e0 pages=4 vmalloc N0=4
0x000000009c2a290f-0x00000000608dda70    8192 bpf_prog_alloc_no_stats+0x2e/0x120 pages=1 vmalloc N0=1
0x00000000608dda70-0x00000000e12506bc    8192 bpf_prog_alloc_no_stats+0x2e/0x120 pages=1 vmalloc N0=1
0x00000000e12506bc-0x0000000006095aa4    8192 bpf_prog_alloc_no_stats+0x2e/0x120 pages=1 vmalloc N0=1
0x000000002344ac00-0x00000000fabde794   20480 kernel_clone+0x97/0x3e0 pages=4 vmalloc N0=4
0x00000000fabde794-0x00000000de648eea    8192 bpf_prog_alloc_no_stats+0x2e/0x120 pages=1 vmalloc N0=1
0x000000003dcccbe8-0x00000000eaf8fd7b   20480 kernel_clone+0x97/0x3e0 pages=4 vmalloc N0=4
0x00000000eaf8fd7b-0x00000000bcb67799    8192 bpf_prog_alloc_no_stats+0x2e/0x120 pages=1 vmalloc N0=1
0x000000004dd13bdc-0x00000000c8b9526c   20480 kernel_clone+0x97/0x3e0 pages=4 vmalloc N0=4
0x00000000c8b9526c-0x0000000005f43017    8192 bpf_prog_alloc_no_stats+0x2e/0x120 pages=1 vmalloc N0=1
0x000000004d248ae1-0x00000000d5f97047   20480 kernel_clone+0x97/0x3e0 pages=4 vmalloc N0=4
0x00000000d5f97047-0x00000000fa90f136    8192 bpf_prog_alloc_no_stats+0x2e/0x120 pages=1 vmalloc N0=1
0x00000000fa90f136-0x000000004cea50e7   16384 n_tty_open+0x14/0xa0 pages=3 vmalloc N0=3
0x000000004cea50e7-0x00000000cdda0dfb    8192 bpf_prog_alloc_no_stats+0x2e/0x120 pages=1 vmalloc N0=1
0x00000000cdda0dfb-0x000000002421ee1a    8192 bpf_prog_alloc_no_stats+0x2e/0x120 pages=1 vmalloc N0=1
0x00000000085e466d-0x00000000a970d5d2   20480 kernel_clone+0x97/0x3e0 pages=4 vmalloc N0=4
0x00000000a970d5d2-0x000000004e0e0943    8192 bpf_prog_alloc_no_stats+0x2e/0x120 pages=1 vmalloc N0=1
0x0000000043fc2467-0x000000001e4a3c3c   20480 kernel_clone+0x97/0x3e0 pages=4 vmalloc N0=4
0x000000001e4a3c3c-0x00000000bc37fcb8    8192 bpf_prog_alloc_no_stats+0x2e/0x120 pages=1 vmalloc N0=1
0x000000007ea4789f-0x0000000061882c11   20480 kernel_clone+0x97/0x3e0 pages=4 vmalloc N0=4
0x0000000061882c11-0x0000000060818d1f    8192 bpf_prog_alloc_no_stats+0x2e/0x120 pages=1 vmalloc N0=1
0x0000000060818d1f-0x000000004b61bcc9   16384 pcpu_create_chunk+0x7c/0x1c0 pages=3 vmalloc N0=3
0x000000004b61bcc9-0x0000000098d305cf    8192 bpf_prog_alloc_no_stats+0x2e/0x120 pages=1 vmalloc N0=1
0x0000000098d305cf-0x0000000089f2b9a7    8192 bpf_prog_alloc_no_stats+0x2e/0x120 pages=1 vmalloc N0=1
0x0000000089f2b9a7-0x00000000f3a50f4f   16384 n_tty_open+0x14/0xa0 pages=3 vmalloc N0=3
0x00000000f3a50f4f-0x000000009a14f6d1    8192 bpf_prog_alloc_no_stats+0x2e/0x120 pages=1 vmalloc N0=1
0x000000009a14f6d1-0x00000000a12c6027   16384 pcpu_create_chunk+0x7c/0x1c0 pages=3 vmalloc N0=3
0x00000000a12c6027-0x000000009d0a36a4    8192 bpf_prog_alloc_no_stats+0x2e/0x120 pages=1 vmalloc N0=1
0x00000000714a7b14-0x0000000012473053   20480 kernel_clone+0x97/0x3e0 pages=4 vmalloc N0=4
0x0000000012473053-0x00000000aa6c6ae5   16384 pcpu_create_chunk+0x7c/0x1c0 pages=3 vmalloc N0=3
0x00000000aa6c6ae5-0x00000000bb714e83  528384 pcpu_create_chunk+0x1ae/0x1c0 pages=128 vmalloc N0=128
0x00000000bb714e83-0x000000002ef9e42c    8192 bpf_prog_alloc_no_stats+0x2e/0x120 pages=1 vmalloc N0=1
0x000000002ef9e42c-0x00000000ccd204bd   20480 kernel_clone+0x97/0x3e0 pages=4 vmalloc N0=4
0x00000000ccd204bd-0x000000006176e51f    8192 bpf_prog_alloc_no_stats+0x2e/0x120 pages=1 vmalloc N0=1
0x000000006176e51f-0x00000000844cf33d   16384 n_tty_open+0x14/0xa0 pages=3 vmalloc N0=3
0x00000000844cf33d-0x00000000107e9c4c    8192 bpf_prog_alloc_no_stats+0x2e/0x120 pages=1 vmalloc N0=1
0x00000000107e9c4c-0x00000000bc78d8bb    8192 bpf_prog_alloc_no_stats+0x2e/0x120 pages=1 vmalloc N0=1
0x00000000dc512800-0x00000000d458a8e2   20480 kernel_clone+0x97/0x3e0 pages=4 vmalloc N0=4
0x00000000d458a8e2-0x000000004c556ef0    8192 bpf_prog_alloc_no_stats+0x2e/0x120 pages=1 vmalloc N0=1
0x0000000035817117-0x000000001aecf77f   20480 kernel_clone+0x97/0x3e0 pages=4 vmalloc N0=4
0x000000001aecf77f-0x0000000031b951ed    8192 bpf_prog_alloc_no_stats+0x2e/0x120 pages=1 vmalloc N0=1
0x0000000031b951ed-0x00000000b4a09b7a   12288 bpf_prog_alloc_no_stats+0x2e/0x120 pages=2 vmalloc N0=2
0x00000000b4a09b7a-0x00000000061b9b73   12288 bpf_prog_alloc_no_stats+0x2e/0x120 pages=2 vmalloc N0=2
0x00000000061b9b73-0x00000000b3196319    8192 bpf_prog_alloc_no_stats+0x2e/0x120 pages=1 vmalloc N0=1
0x000000009ed61aa0-0x000000002ea197fb   20480 kernel_clone+0x97/0x3e0 pages=4 vmalloc N0=4
0x000000002ea197fb-0x0000000061233eac    8192 bpf_prog_alloc_no_stats+0x2e/0x120 pages=1 vmalloc N0=1
0x00000000fec0e70d-0x000000002fa50ccf   20480 kernel_clone+0x97/0x3e0 pages=4 vmalloc N0=4
0x000000002fa50ccf-0x00000000fb49a28d    8192 bpf_prog_alloc_no_stats+0x2e/0x120 pages=1 vmalloc N0=1
0x0000000056bf3beb-0x00000000262e3c0a   16384 n_tty_open+0x14/0xa0 pages=3 vmalloc N0=3
0x000000002c690d26-0x000000006b796638   12288 relay_open_buf.part.0+0xc4/0x340 pages=2 vmalloc N0=2
0x000000006b796638-0x0000000084edaf47   20480 kernel_clone+0x97/0x3e0 pages=4 vmalloc N0=4
0x0000000084edaf47-0x00000000d3a1bd41    8192 bpf_prog_alloc_no_stats+0x2e/0x120 pages=1 vmalloc N0=1
0x000000001c6ed451-0x00000000676981dc   20480 kernel_clone+0x97/0x3e0 pages=4 vmalloc N0=4
0x00000000676981dc-0x00000000eb3952f0    8192 bpf_prog_alloc_no_stats+0x2e/0x120 pages=1 vmalloc N0=1
0x00000000eb3952f0-0x000000006200fb4e   12288 bpf_prog_alloc_no_stats+0x2e/0x120 pages=2 vmalloc N0=2
0x000000006200fb4e-0x00000000cf136b68   12288 bpf_prog_alloc_no_stats+0x2e/0x120 pages=2 vmalloc N0=2
0x00000000cf136b68-0x00000000f8769c02   28672 kernel_read_file+0x252/0x280 pages=6 vmalloc N0=6
0x00000000f8769c02-0x00000000be4f4daf   12288 pcpu_create_chunk+0x54/0x1c0 pages=2 vmalloc N0=2
0x00000000be4f4daf-0x000000007bf6ba1f    8192 bpf_prog_alloc_no_stats+0x2e/0x120 pages=1 vmalloc N0=1
0x000000007bf6ba1f-0x00000000e78d02a1   16384 n_tty_open+0x14/0xa0 pages=3 vmalloc N0=3
0x00000000e78d02a1-0x0000000043c94d93    8192 bpf_prog_alloc_no_stats+0x2e/0x120 pages=1 vmalloc N0=1
0x0000000043c94d93-0x000000003492d6a4    8192 bpf_prog_alloc_no_stats+0x2e/0x120 pages=1 vmalloc N0=1
0x000000003492d6a4-0x00000000cc64f126    8192 bpf_prog_alloc_no_stats+0x2e/0x120 pages=1 vmalloc N0=1
0x00000000cc64f126-0x0000000013ce9d15    8192 bpf_prog_alloc_no_stats+0x2e/0x120 pages=1 vmalloc N0=1
0x0000000013ce9d15-0x0000000042188e06    8192 bpf_prog_alloc_no_stats+0x2e/0x120 pages=1 vmalloc N0=1
0x0000000042188e06-0x00000000f4c0e474    8192 bpf_prog_alloc_no_stats+0x2e/0x120 pages=1 vmalloc N0=1
0x00000000f4c0e474-0x0000000047f15c5f   16384 n_tty_open+0x14/0xa0 pages=3 vmalloc N0=3
0x0000000047f15c5f-0x00000000ca361791   12288 bpf_prog_alloc_no_stats+0x2e/0x120 pages=2 vmalloc N0=2
0x00000000ca361791-0x00000000f9ce662c   20480 kernel_clone+0x97/0x3e0 pages=4 vmalloc N0=4
0x00000000f9ce662c-0x0000000024fe447e   12288 bpf_prog_alloc_no_stats+0x2e/0x120 pages=2 vmalloc N0=2
0x0000000024fe447e-0x00000000ddd9cda7   20480 kernel_clone+0x97/0x3e0 pages=4 vmalloc N0=4
0x00000000ddd9cda7-0x00000000b748ee2e    8192 bpf_prog_alloc_no_stats+0x2e/0x120 pages=1 vmalloc N0=1
0x00000000b748ee2e-0x00000000eadeed84   16384 pcpu_create_chunk+0x7c/0x1c0 pages=3 vmalloc N0=3
0x00000000eadeed84-0x0000000028941be4    8192 bpf_prog_alloc_no_stats+0x2e/0x120 pages=1 vmalloc N0=1
0x0000000028941be4-0x00000000432207a8    8192 bpf_prog_alloc_no_stats+0x2e/0x120 pages=1 vmalloc N0=1
0x000000002bac69bd-0x00000000ee05cdc1   20480 kernel_clone+0x97/0x3e0 pages=4 vmalloc N0=4
0x00000000ee05cdc1-0x00000000d97a6df9   12288 bpf_prog_alloc_no_stats+0x2e/0x120 pages=2 vmalloc N0=2
0x00000000d97a6df9-0x00000000800c7506   20480 kernel_clone+0x97/0x3e0 pages=4 vmalloc N0=4
0x00000000800c7506-0x000000009aee5ab7    8192 bpf_prog_alloc_no_stats+0x2e/0x120 pages=1 vmalloc N0=1
0x000000007e5a2b67-0x000000004eebb508   20480 kernel_clone+0x97/0x3e0 pages=4 vmalloc N0=4
0x000000004eebb508-0x00000000adadebd7    8192 bpf_prog_alloc_no_stats+0x2e/0x120 pages=1 vmalloc N0=1
0x0000000040830db6-0x00000000a6da64e5   20480 kernel_clone+0x97/0x3e0 pages=4 vmalloc N0=4
0x00000000a6da64e5-0x00000000b5a7bd73  163840 zstd_init+0x34/0x90 pages=39 vmalloc N0=39
0x00000000b5a7bd73-0x000000005f19ccfb    8192 bpf_prog_alloc_no_stats+0x2e/0x120 pages=1 vmalloc N0=1
0x0000000094f82d1f-0x00000000ad6de3b0   20480 kernel_clone+0x97/0x3e0 pages=4 vmalloc N0=4
0x00000000ad6de3b0-0x00000000898aaecd    8192 bpf_prog_alloc_no_stats+0x2e/0x120 pages=1 vmalloc N0=1
0x00000000eaf9f3bb-0x0000000093eec1bd   20480 kernel_clone+0x97/0x3e0 pages=4 vmalloc N0=4
0x0000000093eec1bd-0x00000000db38c67c    8192 bpf_prog_alloc_no_stats+0x2e/0x120 pages=1 vmalloc N0=1
0x0000000028733b0d-0x00000000cb494415   20480 kernel_clone+0x97/0x3e0 pages=4 vmalloc N0=4
0x00000000cb494415-0x0000000015fb09cc    8192 bpf_prog_alloc_no_stats+0x2e/0x120 pages=1 vmalloc N0=1
0x00000000c5c29a9f-0x000000004b6047df   20480 kernel_clone+0x97/0x3e0 pages=4 vmalloc N0=4
0x000000004b6047df-0x0000000056fd9e04    8192 bpf_prog_alloc_no_stats+0x2e/0x120 pages=1 vmalloc N0=1
0x000000003ee14bad-0x00000000fbacb9cd   20480 kernel_clone+0x97/0x3e0 pages=4 vmalloc N0=4
0x00000000fbacb9cd-0x00000000f453d1fe    8192 bpf_prog_alloc_no_stats+0x2e/0x120 pages=1 vmalloc N0=1
0x000000007f6f1807-0x00000000c861c486   20480 kernel_clone+0x97/0x3e0 pages=4 vmalloc N0=4
0x00000000c861c486-0x00000000d0a76e45    8192 bpf_prog_alloc_no_stats+0x2e/0x120 pages=1 vmalloc N0=1
0x00000000c5f68ec4-0x00000000ffa070e4   20480 kernel_clone+0x97/0x3e0 pages=4 vmalloc N0=4
0x00000000ffa070e4-0x00000000c5f479a0    8192 bpf_prog_alloc_no_stats+0x2e/0x120 pages=1 vmalloc N0=1
0x0000000080c44e04-0x000000008a145987   20480 kernel_clone+0x97/0x3e0 pages=4 vmalloc N0=4
0x000000008a145987-0x000000004666aa1f    8192 bpf_prog_alloc_no_stats+0x2e/0x120 pages=1 vmalloc N0=1
0x0000000033cf3ea1-0x000000004fc1c7a0   20480 kernel_clone+0x97/0x3e0 pages=4 vmalloc N0=4
0x000000007ef277d3-0x00000000088e6bf2   20480 kernel_clone+0x97/0x3e0 pages=4 vmalloc N0=4
0x00000000912e7304-0x00000000ace351c4   20480 kernel_clone+0x97/0x3e0 pages=4 vmalloc N0=4
0x000000002e997866-0x00000000bec3cad1   20480 kernel_clone+0x97/0x3e0 pages=4 vmalloc N0=4
0x00000000f39469b9-0x000000000d0724a6   20480 kernel_clone+0x97/0x3e0 pages=4 vmalloc N0=4
0x00000000d862c139-0x00000000e7f8e4a6   20480 kernel_clone+0x97/0x3e0 pages=4 vmalloc N0=4
0x00000000e7f8e4a6-0x0000000037cbec51   16384 n_tty_open+0x14/0xa0 pages=3 vmalloc N0=3
0x0000000039ee3945-0x00000000518b1969   16384 n_tty_open+0x14/0xa0 pages=3 vmalloc N0=3
0x000000007281112f-0x00000000dc81a81d    8192 bpf_prog_alloc_no_stats+0x2e/0x120 pages=1 vmalloc N0=1
0x00000000dc81a81d-0x0000000069521659   16384 n_tty_open+0x14/0xa0 pages=3 vmalloc N0=3
0x0000000069521659-0x00000000a059b6e7   16384 n_tty_open+0x14/0xa0 pages=3 vmalloc N0=3
0x00000000a059b6e7-0x00000000c755eb99    8192 bpf_prog_alloc_no_stats+0x2e/0x120 pages=1 vmalloc N0=1
0x000000002119beba-0x000000004357115c    8192 bpf_prog_alloc_no_stats+0x2e/0x120 pages=1 vmalloc N0=1
0x000000004357115c-0x00000000c0da95ae    8192 bpf_prog_alloc_no_stats+0x2e/0x120 pages=1 vmalloc N0=1
0x00000000c0da95ae-0x000000003317a7cc    8192 bpf_prog_alloc_no_stats+0x2e/0x120 pages=1 vmalloc N0=1
0x000000007a29638f-0x000000009c1e84d6    8192 bpf_prog_alloc_no_stats+0x2e/0x120 pages=1 vmalloc N0=1
0x000000009c1e84d6-0x000000005c5fc596    8192 bpf_prog_alloc_no_stats+0x2e/0x120 pages=1 vmalloc N0=1
0x000000005c5fc596-0x000000000d770837    8192 bpf_prog_alloc_no_stats+0x2e/0x120 pages=1 vmalloc N0=1
0x00000000de02ce18-0x0000000020a009df    8192 bpf_prog_alloc_no_stats+0x2e/0x120 pages=1 vmalloc N0=1
0x000000002726e684-0x00000000700f922c    8192 bpf_prog_alloc_no_stats+0x2e/0x120 pages=1 vmalloc N0=1
0x00000000700f922c-0x000000001057c45c    8192 bpf_prog_alloc_no_stats+0x2e/0x120 pages=1 vmalloc N0=1
0x000000001057c45c-0x00000000fbf46a45    8192 bpf_prog_alloc_no_stats+0x2e/0x120 pages=1 vmalloc N0=1
0x00000000eca2c520-0x0000000046189481    8192 bpf_prog_alloc_no_stats+0x2e/0x120 pages=1 vmalloc N0=1
0x000000009514bdb8-0x00000000a82fd301    8192 bpf_prog_alloc_no_stats+0x2e/0x120 pages=1 vmalloc N0=1
0x00000000a82fd301-0x000000004ac1c110    8192 bpf_prog_alloc_no_stats+0x2e/0x120 pages=1 vmalloc N0=1
0x0000000011cc93b0-0x000000005579ee78  172032 kernel_read_file+0x252/0x280 pages=41 vmalloc N0=41
0x000000005579ee78-0x000000009a5f35c3   40960 kernel_read_file+0x252/0x280 pages=9 vmalloc N0=9
0x000000009a5f35c3-0x000000001b76132d   24576 kernel_read_file+0x252/0x280 pages=5 vmalloc N0=5
0x000000001b76132d-0x0000000041ecb665   16384 kernel_read_file+0x252/0x280 pages=3 vmalloc N0=3
0x0000000041ecb665-0x00000000b35d0b30   45056 kernel_read_file+0x252/0x280 pages=10 vmalloc N0=10
0x00000000b35d0b30-0x0000000012a8ba08  274432 kernel_read_file+0x252/0x280 pages=66 vmalloc N0=66
0x0000000012a8ba08-0x00000000b3868055  274432 kernel_read_file+0x252/0x280 pages=66 vmalloc N0=66
0x00000000b3868055-0x0000000020e7e030   20480 kernel_clone+0x97/0x3e0 pages=4 vmalloc N0=4
0x0000000020e7e030-0x000000006a7243ec    8192 bpf_prog_alloc_no_stats+0x2e/0x120 pages=1 vmalloc N0=1
0x000000009f3fb9e6-0x00000000a9d39406   20480 kernel_clone+0x97/0x3e0 pages=4 vmalloc N0=4
0x00000000f2ff124e-0x0000000068c1dfdc   20480 kernel_clone+0x97/0x3e0 pages=4 vmalloc N0=4
0x00000000f2022593-0x00000000ee652429   20480 kernel_clone+0x97/0x3e0 pages=4 vmalloc N0=4
0x00000000ee652429-0x000000006bcd80b9    8192 bpf_prog_alloc_no_stats+0x2e/0x120 pages=1 vmalloc N0=1
0x000000004972c5d0-0x00000000512469ec   20480 kernel_clone+0x97/0x3e0 pages=4 vmalloc N0=4
0x00000000d8d0b2e4-0x0000000048b856b6   20480 kernel_clone+0x97/0x3e0 pages=4 vmalloc N0=4
0x0000000017e61b62-0x00000000c98be8f3   20480 kernel_clone+0x97/0x3e0 pages=4 vmalloc N0=4
0x00000000fa31f1d0-0x000000000f4597ab   20480 kernel_clone+0x97/0x3e0 pages=4 vmalloc N0=4
0x0000000054b425a2-0x000000006d18f672   20480 kernel_clone+0x97/0x3e0 pages=4 vmalloc N0=4
0x0000000082435e53-0x00000000480cd22a   20480 kernel_clone+0x97/0x3e0 pages=4 vmalloc N0=4
0x0000000018580492-0x00000000b09a87e4   20480 kernel_clone+0x97/0x3e0 pages=4 vmalloc N0=4
0x0000000017f95955-0x00000000cd36ac5b   20480 kernel_clone+0x97/0x3e0 pages=4 vmalloc N0=4
0x00000000cd36ac5b-0x0000000008341e3a    8192 acpi_os_map_iomem+0x1a6/0x1c0 phys=0x00000000fed81000 ioremap
0x00000000c29f44a3-0x0000000037f70cc8   20480 kernel_clone+0x97/0x3e0 pages=4 vmalloc N0=4
0x000000003fdc180d-0x00000000ac90d893   20480 kernel_clone+0x97/0x3e0 pages=4 vmalloc N0=4
0x000000000694d193-0x0000000045dfaf8a   20480 kernel_clone+0x97/0x3e0 pages=4 vmalloc N0=4
0x00000000106a9334-0x000000009e679844   20480 kernel_clone+0x97/0x3e0 pages=4 vmalloc N0=4
0x0000000082b5df8e-0x00000000149a182f   20480 kernel_clone+0x97/0x3e0 pages=4 vmalloc N0=4
0x00000000149a182f-0x00000000fe1dcb66 1052672 ttm_bo_kmap+0x175/0x250 [ttm]
0x00000000fe1dcb66-0x000000004d7326cd    8192 bpf_prog_alloc_no_stats+0x2e/0x120 pages=1 vmalloc N0=1
0x000000004d7326cd-0x00000000a945cb83   20480 kernel_clone+0x97/0x3e0 pages=4 vmalloc N0=4
0x00000000a945cb83-0x0000000016451e09  126976 kernel_read_file+0x252/0x280 pages=30 vmalloc N0=30
0x0000000016451e09-0x00000000b1854ab0  405504 kernel_read_file+0x252/0x280 pages=98 vmalloc N0=98
0x0000000054b5a8e6-0x000000001cfeb9ab   20480 kernel_clone+0x97/0x3e0 pages=4 vmalloc N0=4
0x0000000057a26669-0x00000000005438a3   20480 kernel_clone+0x97/0x3e0 pages=4 vmalloc N0=4
0x00000000005438a3-0x000000006ae1056a 1052672 ttm_bo_kmap+0x175/0x250 [ttm]
0x000000006ae1056a-0x00000000603e9875 1052672 ttm_bo_kmap+0x175/0x250 [ttm]
0x00000000603e9875-0x00000000bb84b89a 1191936 ttm_bo_kmap+0x175/0x250 [ttm]
0x00000000bb84b89a-0x00000000fd33f6b8 1052672 ttm_bo_kmap+0x175/0x250 [ttm]
0x00000000fd33f6b8-0x00000000bbd92e34  135168 xz_dec_lzma2_create+0x57/0x70 pages=32 vmalloc N0=32
0x00000000bbd92e34-0x000000008b5a2a75  135168 xz_dec_lzma2_create+0x57/0x70 pages=32 vmalloc N0=32
0x000000008b5a2a75-0x0000000029ac2720  135168 xz_dec_lzma2_create+0x57/0x70 pages=32 vmalloc N0=32
0x0000000029ac2720-0x000000007a7fe26d  135168 xz_dec_lzma2_create+0x57/0x70 pages=32 vmalloc N0=32
0x000000007a7fe26d-0x0000000074541fae  135168 xz_dec_lzma2_create+0x57/0x70 pages=32 vmalloc N0=32
0x0000000074541fae-0x00000000f9e0a52c  135168 xz_dec_lzma2_create+0x57/0x70 pages=32 vmalloc N0=32
0x00000000c41cfdd7-0x00000000c568825a    8192 bpf_prog_alloc_no_stats+0x2e/0x120 pages=1 vmalloc N0=1
0x00000000f5719b7d-0x000000006c1eaee6   20480 kernel_clone+0x97/0x3e0 pages=4 vmalloc N0=4
0x000000006c1eaee6-0x0000000090384d87    8192 bpf_prog_alloc_no_stats+0x2e/0x120 pages=1 vmalloc N0=1
0x00000000faa060bd-0x000000004e1d3a2f   20480 kernel_clone+0x97/0x3e0 pages=4 vmalloc N0=4
0x000000004e1d3a2f-0x00000000f73cb0af    8192 bpf_prog_alloc_no_stats+0x2e/0x120 pages=1 vmalloc N0=1
0x00000000780b50e4-0x00000000fec997bd   20480 kernel_clone+0x97/0x3e0 pages=4 vmalloc N0=4
0x00000000fec997bd-0x00000000404917e6    8192 bpf_prog_alloc_no_stats+0x2e/0x120 pages=1 vmalloc N0=1
0x00000000404917e6-0x000000004ec75d8a   16384 n_tty_open+0x14/0xa0 pages=3 vmalloc N0=3
0x00000000ff0bdf1a-0x000000005b600fd0 1003520 memremap+0xf0/0x1d0 phys=0x00000000c316b000 ioremap
0x000000005b600fd0-0x0000000087922986 1294336 zstd_comp_init+0x6c/0xc0 pages=315 vmalloc N0=315
0x00000000c409ccbf-0x0000000081484a44   20480 kernel_clone+0x97/0x3e0 pages=4 vmalloc N0=4
0x0000000032af2f3c-0x00000000ba3abf12   20480 kernel_clone+0x97/0x3e0 pages=4 vmalloc N0=4
0x00000000555abb62-0x00000000a11e00c2   20480 kernel_clone+0x97/0x3e0 pages=4 vmalloc N0=4
0x00000000f3451f3b-0x00000000ad4bec6f   20480 kernel_clone+0x97/0x3e0 pages=4 vmalloc N0=4
0x00000000f33d53e6-0x00000000e8eac20c   20480 kernel_clone+0x97/0x3e0 pages=4 vmalloc N0=4
0x00000000d66b5bea-0x000000009a3f4aee   20480 kernel_clone+0x97/0x3e0 pages=4 vmalloc N0=4
0x0000000047c55dd6-0x000000008fb741a3   20480 kernel_clone+0x97/0x3e0 pages=4 vmalloc N0=4
0x000000009d23c3cb-0x0000000092f0fc87   20480 kernel_clone+0x97/0x3e0 pages=4 vmalloc N0=4
0x0000000060d4eaa4-0x00000000d03fce78   20480 kernel_clone+0x97/0x3e0 pages=4 vmalloc N0=4
0x00000000ab909e05-0x00000000bf3c1b45   20480 kernel_clone+0x97/0x3e0 pages=4 vmalloc N0=4
0x00000000055742a0-0x000000009ef7b557   20480 kernel_clone+0x97/0x3e0 pages=4 vmalloc N0=4
0x00000000bdb8311a-0x000000007d5c0dcd   20480 kernel_clone+0x97/0x3e0 pages=4 vmalloc N0=4
0x000000002cb686c9-0x000000003bb918d3   20480 kernel_clone+0x97/0x3e0 pages=4 vmalloc N0=4
0x0000000095f97529-0x00000000d8d52086   20480 kernel_clone+0x97/0x3e0 pages=4 vmalloc N0=4
0x0000000058607441-0x00000000db1c29b0   20480 kernel_clone+0x97/0x3e0 pages=4 vmalloc N0=4
0x0000000029574be1-0x000000004b6bb783   20480 kernel_clone+0x97/0x3e0 pages=4 vmalloc N0=4
0x000000009b45b6c7-0x00000000c9d50577   20480 kernel_clone+0x97/0x3e0 pages=4 vmalloc N0=4
0x000000001b9727fd-0x000000008eae9f68   20480 kernel_clone+0x97/0x3e0 pages=4 vmalloc N0=4
0x00000000d5652e0b-0x000000008c78752e   20480 kernel_clone+0x97/0x3e0 pages=4 vmalloc N0=4
0x0000000081f1a2fb-0x000000009dbb24cc   20480 kernel_clone+0x97/0x3e0 pages=4 vmalloc N0=4
0x000000002ac633ad-0x000000005dd077a1   20480 kernel_clone+0x97/0x3e0 pages=4 vmalloc N0=4
0x0000000045072b58-0x00000000ea851fa6   20480 kernel_clone+0x97/0x3e0 pages=4 vmalloc N0=4
0x000000006e3affac-0x00000000d6d15835   20480 kernel_clone+0x97/0x3e0 pages=4 vmalloc N0=4
0x00000000a8ba12a5-0x000000001938c324   20480 kernel_clone+0x97/0x3e0 pages=4 vmalloc N0=4
0x000000003ed8d1f8-0x0000000027f5d13d   20480 kernel_clone+0x97/0x3e0 pages=4 vmalloc N0=4
0x000000008202dfe5-0x0000000099bee760   20480 kernel_clone+0x97/0x3e0 pages=4 vmalloc N0=4
0x000000001eab3cc3-0x00000000ce7e9abc   20480 kernel_clone+0x97/0x3e0 pages=4 vmalloc N0=4
0x00000000254e07e5-0x00000000519468bf   20480 kernel_clone+0x97/0x3e0 pages=4 vmalloc N0=4
0x00000000a17495b9-0x000000008ca30b4a   20480 kernel_clone+0x97/0x3e0 pages=4 vmalloc N0=4
0x000000003d83e52c-0x00000000985c5ae4   20480 kernel_clone+0x97/0x3e0 pages=4 vmalloc N0=4
0x0000000019f69699-0x000000007639a8f8   20480 kernel_clone+0x97/0x3e0 pages=4 vmalloc N0=4
0x00000000f6261282-0x0000000008772353   20480 kernel_clone+0x97/0x3e0 pages=4 vmalloc N0=4
0x00000000645bc1a0-0x00000000b1944620   20480 kernel_clone+0x97/0x3e0 pages=4 vmalloc N0=4
0x0000000069ade68b-0x000000003839fa78   20480 kernel_clone+0x97/0x3e0 pages=4 vmalloc N0=4
0x0000000075738f00-0x00000000ac3f5435   20480 kernel_clone+0x97/0x3e0 pages=4 vmalloc N0=4
0x000000005da7d58c-0x000000002c3d2807   20480 kernel_clone+0x97/0x3e0 pages=4 vmalloc N0=4
0x000000003d770ec7-0x00000000d8c5bc6a   20480 kernel_clone+0x97/0x3e0 pages=4 vmalloc N0=4
0x000000005112346b-0x000000001c80e256   20480 kernel_clone+0x97/0x3e0 pages=4 vmalloc N0=4
0x000000008a909550-0x000000008eac4b90   20480 kernel_clone+0x97/0x3e0 pages=4 vmalloc N0=4
0x000000004b5fa9bc-0x0000000033f1dc0a   20480 kernel_clone+0x97/0x3e0 pages=4 vmalloc N0=4
0x00000000811629d6-0x000000001e8819f9   20480 kernel_clone+0x97/0x3e0 pages=4 vmalloc N0=4
0x000000004b662fe5-0x00000000d0173fa2   20480 kernel_clone+0x97/0x3e0 pages=4 vmalloc N0=4
0x00000000d00271bb-0x000000006b07b111   20480 kernel_clone+0x97/0x3e0 pages=4 vmalloc N0=4
0x000000000c82c684-0x00000000eb3b10d3   20480 kernel_clone+0x97/0x3e0 pages=4 vmalloc N0=4
0x000000005fff8419-0x00000000680b52f9   20480 kernel_clone+0x97/0x3e0 pages=4 vmalloc N0=4
0x0000000058656218-0x00000000847740fd   20480 kernel_clone+0x97/0x3e0 pages=4 vmalloc N0=4
0x0000000090906d53-0x000000005ad7fd84   20480 kernel_clone+0x97/0x3e0 pages=4 vmalloc N0=4
0x00000000422df849-0x00000000cf6c54d9   20480 kernel_clone+0x97/0x3e0 pages=4 vmalloc N0=4
0x0000000034111152-0x00000000f33297d4   20480 kernel_clone+0x97/0x3e0 pages=4 vmalloc N0=4
0x0000000068936f6c-0x0000000001754659   20480 kernel_clone+0x97/0x3e0 pages=4 vmalloc N0=4
0x000000001ad9f44b-0x00000000b1ab9cd4   20480 kernel_clone+0x97/0x3e0 pages=4 vmalloc N0=4
0x000000007ba8132c-0x0000000076cafdb3   20480 kernel_clone+0x97/0x3e0 pages=4 vmalloc N0=4
0x00000000e79ccdd8-0x0000000030570cb6   20480 kernel_clone+0x97/0x3e0 pages=4 vmalloc N0=4
0x0000000094df6161-0x00000000f75439c3   20480 kernel_clone+0x97/0x3e0 pages=4 vmalloc N0=4
0x00000000bdb5a79d-0x00000000a348ea3d   20480 kernel_clone+0x97/0x3e0 pages=4 vmalloc N0=4
0x00000000f1eb45d3-0x0000000046fe8913   20480 kernel_clone+0x97/0x3e0 pages=4 vmalloc N0=4
0x00000000a3644908-0x0000000074329621   20480 kernel_clone+0x97/0x3e0 pages=4 vmalloc N0=4
0x0000000081ec08d6-0x00000000b1b43c55   20480 kernel_clone+0x97/0x3e0 pages=4 vmalloc N0=4
0x00000000707fde36-0x0000000061005caa   20480 kernel_clone+0x97/0x3e0 pages=4 vmalloc N0=4
0x000000003a99e3a6-0x00000000b322ef6e   20480 kernel_clone+0x97/0x3e0 pages=4 vmalloc N0=4
0x00000000d9aece4c-0x00000000609a8b3a   20480 kernel_clone+0x97/0x3e0 pages=4 vmalloc N0=4
0x0000000014518da8-0x000000000794adda   20480 kernel_clone+0x97/0x3e0 pages=4 vmalloc N0=4
0x00000000b782324f-0x0000000046b6436d   20480 kernel_clone+0x97/0x3e0 pages=4 vmalloc N0=4
